Microchip MPLAB XC8 Compiler V2.41

Linker command line:

-W-3 \
  --edf=C:/Program Files/Microchip/MPLABX/v6.15/packs/Microchip/PIC18F-K_DFP/1.11.281/xc8\pic\dat\20230721151103_en.msgs \
  -cn -h+dist/default/production\Smart_Home_S.X.production.sym \
  --cmf=dist/default/production\Smart_Home_S.X.production.cmf -z -Q18F46K20 \
  -oC:\Users\fathy\AppData\Local\Temp\xcAsfhs.\driver_tmp_3.o \
  --defsym=__MPLAB_BUILD=1 --fixupoverflow=error \
  -Mdist/default/production/Smart_Home_S.X.production.map \
  --md=C:\Users\fathy\AppData\Local\Temp\xcAsfhs.\driver_tmp_0.dat -E1 \
  -ver=XC8 Compiler --acfsm=1493 -ACODE=00h-0FFFFh -ACONST=00h-0FFFFh \
  -ASMALLCONST=01000h-010FFhx240 -AMEDIUMCONST=01000h-0FFFFh \
  -ACOMRAM=01h-05Fh -AABS1=00h-0F5Fh -ABIGRAM=01h-0F5Fh \
  -ARAM=060h-0FFh,0100h-01FFhx14,0F00h-0F5Fh -ABANK0=060h-0FFh \
  -ABANK1=0100h-01FFh -ABANK2=0200h-02FFh -ABANK3=0300h-03FFh \
  -ABANK4=0400h-04FFh -ABANK5=0500h-05FFh -ABANK6=0600h-06FFh \
  -ABANK7=0700h-07FFh -ABANK8=0800h-08FFh -ABANK9=0900h-09FFh \
  -ABANK10=0A00h-0AFFh -ABANK11=0B00h-0BFFh -ABANK12=0C00h-0CFFh \
  -ABANK13=0D00h-0DFFh -ABANK14=0E00h-0EFFh -ABANK15=0F00h-0F5Fh \
  -ASFR=0F60h-0FFFh -ABIGSFR=0F60h-0FFFh -ACONFIG=0300000h-030000Dh \
  -AIDLOC=0200000h-0200007h -AEEDATA=0F00000h-0F003FFh -peeprom_data=EEDATA \
  -preset_vec=00h,intcode=08h,intcodelo,powerup,init -pramtop=01000h \
  -psmallconst=SMALLCONST -pmediumconst=MEDIUMCONST -pconst=CONST \
  -AFARRAM=00h-00h \
  -prdata=COMRAM,nvrram=COMRAM,nvbit=COMRAM,rbss=COMRAM,rbit=COMRAM \
  -pfarbss=FARRAM,fardata=FARRAM,nvFARRAM=FARRAM \
  -pintsave_regs=BIGRAM,bigbss=BIGRAM,bigdata=BIGRAM -pbss=RAM \
  -pidata=CODE,irdata=CODE,ibigdata=CODE,ifardata=CODE -prparam=COMRAM \
  C:\Users\fathy\AppData\Local\Temp\xcAsfhs.\driver_tmp_9.o \
  dist/default/production\Smart_Home_S.X.production.o 

Object code version is 3.11

Machine type is 18F46K20



                Name                               Link     Load   Length Selector   Space Scale
C:\Users\fathy\AppData\Local\Temp\xcAsfhs.\driver_tmp_9.o
                config                           300000   300000        E        0       4
                init                                 78       78        4        4       0
                reset_vec                             0        0        4        0       0
dist/default/production\Smart_Home_S.X.production.o
                intcode                               8        8       70        4       0
                config                           300000   300000        E        0       4
                temp                                 19       19        1        1       1
                text33                              454      454        4        4       0
                text32                              43A      43A        8        4       0
                text31                              2E8      2E8       2E        4       0
                text30                              450      450        4        4       0
                text29                              38A      38A       14        4       0
                text28                              376      376       14        4       0
                text27                              362      362       14        4       0
                text26                              34E      34E       14        4       0
                text25                              432      432        8        4       0
                text24                              442      442        6        4       0
                text23                              2BA      2BA       2E        4       0
                text22                              44C      44C        4        4       0
                text21                              42A      42A        8        4       0
                text20                              422      422        8        4       0
                text19                              28C      28C       2E        4       0
                text18                               7C       7C       FC        4       0
                text16                              448      448        4        4       0
                text15                              316      316       1E        4       0
                text14                              410      410        A        4       0
                text13                              406      406        A        4       0
                text12                              3FC      3FC        A        4       0
                text11                              3F2      3F2        A        4       0
                text10                              3E8      3E8        A        4       0
                text9                               3DE      3DE        A        4       0
                text8                               3D4      3D4        A        4       0
                text7                               3CA      3CA        A        4       0
                text6                               1FE      1FE       5E        4       0
                text5                               3B0      3B0       10        4       0
                text4                               41A      41A        8        4       0
                text3                               3C0      3C0        A        4       0
                text2                               25C      25C       30        4       0
                text1                               39E      39E       12        4       0
                text0                               178      178       86        4       0
                cstackCOMRAM                         12       12        7        1       1
                bssCOMRAM                             1        1       11        1       1
                cinit                               334      334       1A        4       0

TOTAL           Name                               Link     Load   Length     Space
        CLASS   CODE           
                intcode                               8        8       70         0
                init                                 78       78        4         0
                reset_vec                             0        0        4         0
                text33                              454      454        4         0
                text32                              43A      43A        8         0
                text31                              2E8      2E8       2E         0
                text30                              450      450        4         0
                text29                              38A      38A       14         0
                text28                              376      376       14         0
                text27                              362      362       14         0
                text26                              34E      34E       14         0
                text25                              432      432        8         0
                text24                              442      442        6         0
                text23                              2BA      2BA       2E         0
                text22                              44C      44C        4         0
                text21                              42A      42A        8         0
                text20                              422      422        8         0
                text19                              28C      28C       2E         0
                text18                               7C       7C       FC         0
                text16                              448      448        4         0
                text15                              316      316       1E         0
                text14                              410      410        A         0
                text13                              406      406        A         0
                text12                              3FC      3FC        A         0
                text11                              3F2      3F2        A         0
                text10                              3E8      3E8        A         0
                text9                               3DE      3DE        A         0
                text8                               3D4      3D4        A         0
                text7                               3CA      3CA        A         0
                text6                               1FE      1FE       5E         0
                text5                               3B0      3B0       10         0
                text4                               41A      41A        8         0
                text3                               3C0      3C0        A         0
                text2                               25C      25C       30         0
                text1                               39E      39E       12         0
                text0                               178      178       86         0
                cinit                               334      334       1A         0

        CLASS   CONST          

        CLASS   SMALLCONST     

        CLASS   MEDIUMCONST    

        CLASS   COMRAM         
                temp                                 19       19        1         1
                cstackCOMRAM                         12       12        7         1
                bssCOMRAM                             1        1       11         1

        CLASS   ABS1           

        CLASS   BIGRAM         

        CLASS   RAM            

        CLASS   BANK0          

        CLASS   BANK1          

        CLASS   BANK2          

        CLASS   BANK3          

        CLASS   BANK4          

        CLASS   BANK5          

        CLASS   BANK6          

        CLASS   BANK7          

        CLASS   BANK8          

        CLASS   BANK9          

        CLASS   BANK10         

        CLASS   BANK11         

        CLASS   BANK12         

        CLASS   BANK13         

        CLASS   BANK14         

        CLASS   BANK15         

        CLASS   SFR            

        CLASS   BIGSFR         

        CLASS   CONFIG         
                config                           300000   300000        E         4

        CLASS   IDLOC          

        CLASS   EEDATA         

        CLASS   FARRAM         

        CLASS   HEAP           

        CLASS   STACK          



SEGMENTS        Name                           Load    Length   Top    Selector   Space  Class

                reset_vec                      000000  000004  000004         0       0  CODE    
                bssCOMRAM                      000001  000019  00001A         1       1  COMRAM  
                intcode                        000008  000450  000458         4       0  CODE    


UNUSED ADDRESS RANGES

        Name                Unused          Largest block    Delta
        BANK0            000060-0000FF               A0
        BANK1            000100-0001FF              100
        BANK10           000A00-000AFF              100
        BANK11           000B00-000BFF              100
        BANK12           000C00-000CFF              100
        BANK13           000D00-000DFF              100
        BANK14           000E00-000EFF              100
        BANK15           000F00-000F5F               60
        BANK2            000200-0002FF              100
        BANK3            000300-0003FF              100
        BANK4            000400-0004FF              100
        BANK5            000500-0005FF              100
        BANK6            000600-0006FF              100
        BANK7            000700-0007FF              100
        BANK8            000800-0008FF              100
        BANK9            000900-0009FF              100
        BIGRAM           00001A-000F5F              F46
        BIGSFR           000F60-000FFF               A0
        CODE             000004-000007                4
                         000458-00FFFF             FBA8
        COMRAM           00001A-00005F               46
        CONST            000004-000007                4
                         000458-00FFFF             FBA8
        EEDATA           F00000-F003FF              400
        IDLOC            200000-200007                8
        MEDIUMCONST      001000-00FFFF             F000
        RAM              000060-000F5F              100
        SFR              000F60-000FFF               A0
        SMALLCONST       001000-00FFFF              100

                                  Symbol Table

I2C_SlaveSendTxData@data                               cstackCOMRAM 000012
I2C_SlaveSetAddrIntHandler@handler                     cstackCOMRAM 000017
I2C_SlaveSetBusColIntHandler@handler                   cstackCOMRAM 000017
I2C_SlaveSetIsrHandler@handler                         cstackCOMRAM 000017
I2C_SlaveSetReadIntHandler@handler                     cstackCOMRAM 000017
I2C_SlaveSetSlaveAddr@slaveAddr                        cstackCOMRAM 000017
I2C_SlaveSetSlaveMask@maskAddr                         cstackCOMRAM 000017
I2C_SlaveSetWrColIntHandler@handler                    cstackCOMRAM 000017
I2C_SlaveSetWriteIntHandler@handler                    cstackCOMRAM 000017
_ANSEL                                                 (abs)        000F7E
_ANSELH                                                (abs)        000F7F
_I2C_Initialize                                        text5        0003B0
_I2C_Isr                                               text18       00007C
_I2C_Open                                              text6        0001FE
_I2C_SlaveAddrCallBack                                 text31       0002E8
_I2C_SlaveAddrInterruptHandler                         bssCOMRAM    000005
_I2C_SlaveBusColInterruptHandler                       bssCOMRAM    000003
_I2C_SlaveClearIrq                                     text30       000450
_I2C_SlaveDefAddrInterruptHandler                      text32       00043A
_I2C_SlaveDefBusColInterruptHandler                    (abs)        000000
_I2C_SlaveDefRdInterruptHandler                        text24       000442
_I2C_SlaveDefRdInterruptHandler@i2c_slave$F718         text25       000432
_I2C_SlaveDefWrColInterruptHandler                     (abs)        000000
_I2C_SlaveDefWrInterruptHandler                        text20       000422
_I2C_SlaveEnableIrq                                    text16       000448
_I2C_SlaveGetRxData                                    text33       000454
_I2C_SlaveIsAddr                                       text29       00038A
_I2C_SlaveIsRead                                       text28       000376
_I2C_SlaveIsRxBufFull                                  text27       000362
_I2C_SlaveIsTxBufEmpty                                 text26       00034E
_I2C_SlaveOpen                                         text15       000316
_I2C_SlaveRdCallBack                                   text23       0002BA
_I2C_SlaveRdInterruptHandler                           bssCOMRAM    000009
_I2C_SlaveReleaseClock                                 text22       00044C
_I2C_SlaveSendTxData                                   text21       00042A
_I2C_SlaveSetAddrIntHandler                            text14       000410
_I2C_SlaveSetBusColIntHandler                          text13       000406
_I2C_SlaveSetIsrHandler                                text12       0003FC
_I2C_SlaveSetReadIntHandler                            text11       0003F2
_I2C_SlaveSetSlaveAddr                                 text10       0003E8
_I2C_SlaveSetSlaveMask                                 text9        0003DE
_I2C_SlaveSetWrColIntHandler                           text8        0003D4
_I2C_SlaveSetWriteIntHandler                           text7        0003CA
_I2C_SlaveWrCallBack                                   text19       00028C
_I2C_SlaveWrColInterruptHandler                        bssCOMRAM    000001
_I2C_SlaveWrInterruptHandler                           bssCOMRAM    000007
_INTCON2bits                                           (abs)        000FF1
_INTCONbits                                            (abs)        000FF2
_INTERRUPT_Initialize                                  text4        00041A
_INTERRUPT_InterruptManagerHigh                        intcode      000008
_IPR1bits                                              (abs)        000F9F
_IPR2bits                                              (abs)        000FA2
_LATA                                                  (abs)        000F89
_LATB                                                  (abs)        000F8A
_LATC                                                  (abs)        000F8B
_LATCbits                                              (abs)        000F8B
_LATD                                                  (abs)        000F8C
_LATE                                                  (abs)        000F8D
_MSSP_InterruptHandler                                 bssCOMRAM    00000B
_OSCCON                                                (abs)        000FD3
_OSCILLATOR_Initialize                                 text3        0003C0
_OSCTUNE                                               (abs)        000F9B
_PIE1bits                                              (abs)        000F9D
_PIE2bits                                              (abs)        000FA0
_PIN_MANAGER_Initialize                                text2        00025C
_PIR1bits                                              (abs)        000F9E
_PIR2bits                                              (abs)        000FA1
_RCONbits                                              (abs)        000FD0
_SSPADD                                                (abs)        000FC8
_SSPBUF                                                (abs)        000FC9
_SSPCON1                                               (abs)        000FC6
_SSPCON1bits                                           (abs)        000FC6
_SSPCON2                                               (abs)        000FC5
_SSPCON2bits                                           (abs)        000FC5
_SSPMSK                                                (abs)        000F77
_SSPSTAT                                               (abs)        000FC7
_SSPSTATbits                                           (abs)        000FC7
_SYSTEM_Initialize                                     text1        00039E
_TRISA                                                 (abs)        000F92
_TRISB                                                 (abs)        000F93
_TRISC                                                 (abs)        000F94
_TRISD                                                 (abs)        000F95
_TRISE                                                 (abs)        000F96
_WPUB                                                  (abs)        000F7C
__HRAM                                                 (abs)        000000
__H__absolute__                                        __absolute__ 000000
__Habs1                                                abs1         000000
__Hbank0                                               bank0        000000
__Hbank1                                               bank1        000000
__Hbank10                                              bank10       000000
__Hbank11                                              bank11       000000
__Hbank12                                              bank12       000000
__Hbank13                                              bank13       000000
__Hbank14                                              bank14       000000
__Hbank15                                              bank15       000000
__Hbank2                                               bank2        000000
__Hbank3                                               bank3        000000
__Hbank4                                               bank4        000000
__Hbank5                                               bank5        000000
__Hbank6                                               bank6        000000
__Hbank7                                               bank7        000000
__Hbank8                                               bank8        000000
__Hbank9                                               bank9        000000
__Hbigbss                                              bigbss       000000
__Hbigdata                                             bigdata      000000
__Hbigram                                              bigram       000000
__Hbigsfr                                              bigsfr       000000
__Hbss                                                 bss          000000
__HbssCOMRAM                                           bssCOMRAM    000000
__Hcinit                                               cinit        000000
__Hclrtext                                             clrtext      000000
__Hcomram                                              comram       000000
__Hconfig                                              config       30000E
__Hconst                                               const        000000
__HcstackCOMRAM                                        cstackCOMRAM 000000
__Hdata                                                data         000000
__Heeprom_data                                         eeprom_data  000000
__Hfarbss                                              farbss       000000
__Hfardata                                             fardata      000000
__Hheap                                                heap         000000
__Hibigdata                                            ibigdata     000000
__Hidata                                               idata        000000
__Hidloc                                               idloc        000000
__Hifardata                                            ifardata     000000
__Hinit                                                init         00007C
__Hintcode                                             intcode      000078
__Hintcode_body                                        intcode_body 000000
__Hintcodelo                                           intcodelo    000078
__Hintentry                                            intentry     000000
__Hintret                                              intret       000000
__Hintsave_regs                                        intsave_regs 000000
__Hirdata                                              irdata       000000
__Hmediumconst                                         mediumconst  000000
__HnvFARRAM                                            nvFARRAM     000000
__Hnvbit                                               nvbit        000000
__Hnvrram                                              nvrram       000000
__Hparam                                               rparam       000000
__Hpowerup                                             powerup      000078
__Hram                                                 ram          000000
__Hramtop                                              ramtop       001000
__Hrbit                                                rbit         000000
__Hrbss                                                rbss         000000
__Hrdata                                               rdata        000000
__Hreset_vec                                           reset_vec    000004
__Hrparam                                              rparam       000000
__Hsfr                                                 sfr          000000
__Hsmallconst                                          smallconst   000000
__Hspace_0                                             (abs)        001000
__Hspace_1                                             (abs)        00001A
__Hspace_2                                             (abs)        000000
__Hspace_4                                             (abs)        60000E
__Hstack                                               stack        000000
__Hstruct                                              struct       000000
__Htemp                                                temp         00001A
__Htext                                                text         000000
__Htext0                                               text0        000000
__Htext1                                               text1        000000
__Htext10                                              text10       000000
__Htext11                                              text11       000000
__Htext12                                              text12       000000
__Htext13                                              text13       000000
__Htext14                                              text14       000000
__Htext15                                              text15       000000
__Htext16                                              text16       000000
__Htext18                                              text18       000000
__Htext19                                              text19       000000
__Htext2                                               text2        000000
__Htext20                                              text20       000000
__Htext21                                              text21       000000
__Htext22                                              text22       000000
__Htext23                                              text23       000000
__Htext24                                              text24       000000
__Htext25                                              text25       000000
__Htext26                                              text26       000000
__Htext27                                              text27       000000
__Htext28                                              text28       000000
__Htext29                                              text29       000000
__Htext3                                               text3        000000
__Htext30                                              text30       000000
__Htext31                                              text31       000000
__Htext32                                              text32       000000
__Htext33                                              text33       000000
__Htext34                                              text34       000000
__Htext4                                               text4        000000
__Htext5                                               text5        000000
__Htext6                                               text6        000000
__Htext7                                               text7        000000
__Htext8                                               text8        000000
__Htext9                                               text9        000000
__LRAM                                                 (abs)        000001
__L__absolute__                                        __absolute__ 000000
__Labs1                                                abs1         000000
__Lbank0                                               bank0        000000
__Lbank1                                               bank1        000000
__Lbank10                                              bank10       000000
__Lbank11                                              bank11       000000
__Lbank12                                              bank12       000000
__Lbank13                                              bank13       000000
__Lbank14                                              bank14       000000
__Lbank15                                              bank15       000000
__Lbank2                                               bank2        000000
__Lbank3                                               bank3        000000
__Lbank4                                               bank4        000000
__Lbank5                                               bank5        000000
__Lbank6                                               bank6        000000
__Lbank7                                               bank7        000000
__Lbank8                                               bank8        000000
__Lbank9                                               bank9        000000
__Lbigbss                                              bigbss       000000
__Lbigdata                                             bigdata      000000
__Lbigram                                              bigram       000000
__Lbigsfr                                              bigsfr       000000
__Lbss                                                 bss          000000
__LbssCOMRAM                                           bssCOMRAM    000000
__Lcinit                                               cinit        000000
__Lclrtext                                             clrtext      000000
__Lcomram                                              comram       000000
__Lconfig                                              config       000000
__Lconst                                               const        000000
__LcstackCOMRAM                                        cstackCOMRAM 000000
__Ldata                                                data         000000
__Leeprom_data                                         eeprom_data  000000
__Lfarbss                                              farbss       000000
__Lfardata                                             fardata      000000
__Lheap                                                heap         000000
__Libigdata                                            ibigdata     000000
__Lidata                                               idata        000000
__Lidloc                                               idloc        000000
__Lifardata                                            ifardata     000000
__Linit                                                init         000078
__Lintcode                                             intcode      000008
__Lintcode_body                                        intcode_body 000000
__Lintcodelo                                           intcodelo    000078
__Lintentry                                            intentry     000000
__Lintret                                              intret       000000
__Lintsave_regs                                        intsave_regs 000000
__Lirdata                                              irdata       000000
__Lmediumconst                                         mediumconst  000000
__LnvFARRAM                                            nvFARRAM     000000
__Lnvbit                                               nvbit        000000
__Lnvrram                                              nvrram       000000
__Lparam                                               rparam       000000
__Lpowerup                                             powerup      000078
__Lram                                                 ram          000000
__Lramtop                                              ramtop       001000
__Lrbit                                                rbit         000000
__Lrbss                                                rbss         000000
__Lrdata                                               rdata        000000
__Lreset_vec                                           reset_vec    000000
__Lrparam                                              rparam       000000
__Lsfr                                                 sfr          000000
__Lsmallconst                                          smallconst   000000
__Lspace_0                                             (abs)        000000
__Lspace_1                                             (abs)        000000
__Lspace_2                                             (abs)        000000
__Lspace_4                                             (abs)        000000
__Lstack                                               stack        000000
__Lstruct                                              struct       000000
__Ltemp                                                temp         000019
__Ltext                                                text         000000
__Ltext0                                               text0        000000
__Ltext1                                               text1        000000
__Ltext10                                              text10       000000
__Ltext11                                              text11       000000
__Ltext12                                              text12       000000
__Ltext13                                              text13       000000
__Ltext14                                              text14       000000
__Ltext15                                              text15       000000
__Ltext16                                              text16       000000
__Ltext18                                              text18       000000
__Ltext19                                              text19       000000
__Ltext2                                               text2        000000
__Ltext20                                              text20       000000
__Ltext21                                              text21       000000
__Ltext22                                              text22       000000
__Ltext23                                              text23       000000
__Ltext24                                              text24       000000
__Ltext25                                              text25       000000
__Ltext26                                              text26       000000
__Ltext27                                              text27       000000
__Ltext28                                              text28       000000
__Ltext29                                              text29       000000
__Ltext3                                               text3        000000
__Ltext30                                              text30       000000
__Ltext31                                              text31       000000
__Ltext32                                              text32       000000
__Ltext33                                              text33       000000
__Ltext34                                              text34       000000
__Ltext4                                               text4        000000
__Ltext5                                               text5        000000
__Ltext6                                               text6        000000
__Ltext7                                               text7        000000
__Ltext8                                               text8        000000
__Ltext9                                               text9        000000
__S0                                                   (abs)        000458
__S1                                                   (abs)        00001A
__S4                                                   (abs)        000000
__S5                                                   (abs)        000000
___heap_hi                                             (abs)        000000
___heap_lo                                             (abs)        000000
___inthi_sp                                            stack        000000
___intlo_sp                                            stack        000000
___param_bank                                          (abs)        000000
___rparam_used                                         (abs)        000001
___sp                                                  stack        000000
__accesstop                                            (abs)        000060
__activetblptr                                         (abs)        000002
__end_of_I2C_Initialize                                text5        0003C0
__end_of_I2C_Isr                                       text18       000178
__end_of_I2C_Open                                      text6        00025C
__end_of_I2C_SlaveAddrCallBack                         text31       000316
__end_of_I2C_SlaveClearIrq                             text30       000454
__end_of_I2C_SlaveDefAddrInterruptHandler              text32       000442
__end_of_I2C_SlaveDefRdInterruptHandler                text24       000448
__end_of_I2C_SlaveDefRdInterruptHandler@i2c_slave$F718 text25       00043A
__end_of_I2C_SlaveDefWrInterruptHandler                text20       00042A
__end_of_I2C_SlaveEnableIrq                            text16       00044C
__end_of_I2C_SlaveGetRxData                            text33       000458
__end_of_I2C_SlaveIsAddr                               text29       00039E
__end_of_I2C_SlaveIsRead                               text28       00038A
__end_of_I2C_SlaveIsRxBufFull                          text27       000376
__end_of_I2C_SlaveIsTxBufEmpty                         text26       000362
__end_of_I2C_SlaveOpen                                 text15       000334
__end_of_I2C_SlaveRdCallBack                           text23       0002E8
__end_of_I2C_SlaveReleaseClock                         text22       000450
__end_of_I2C_SlaveSendTxData                           text21       000432
__end_of_I2C_SlaveSetAddrIntHandler                    text14       00041A
__end_of_I2C_SlaveSetBusColIntHandler                  text13       000410
__end_of_I2C_SlaveSetIsrHandler                        text12       000406
__end_of_I2C_SlaveSetReadIntHandler                    text11       0003FC
__end_of_I2C_SlaveSetSlaveAddr                         text10       0003F2
__end_of_I2C_SlaveSetSlaveMask                         text9        0003E8
__end_of_I2C_SlaveSetWrColIntHandler                   text8        0003DE
__end_of_I2C_SlaveSetWriteIntHandler                   text7        0003D4
__end_of_I2C_SlaveWrCallBack                           text19       0002BA
__end_of_INTERRUPT_Initialize                          text4        000422
__end_of_INTERRUPT_InterruptManagerHigh                intcode      000078
__end_of_OSCILLATOR_Initialize                         text3        0003CA
__end_of_PIN_MANAGER_Initialize                        text2        00028C
__end_of_SYSTEM_Initialize                             text1        0003B0
__end_of__initialization                               cinit        000340
__end_of_main                                          text0        0001FE
__initialization                                       cinit        000334
__mediumconst                                          mediumconst  000000
__pbssCOMRAM                                           bssCOMRAM    000001
__pcinit                                               cinit        000334
__pcstackCOMRAM                                        cstackCOMRAM 000012
__pintcode                                             intcode      000008
__ptext0                                               text0        000178
__ptext1                                               text1        00039E
__ptext10                                              text10       0003E8
__ptext11                                              text11       0003F2
__ptext12                                              text12       0003FC
__ptext13                                              text13       000406
__ptext14                                              text14       000410
__ptext15                                              text15       000316
__ptext16                                              text16       000448
__ptext18                                              text18       00007C
__ptext19                                              text19       00028C
__ptext2                                               text2        00025C
__ptext20                                              text20       000422
__ptext21                                              text21       00042A
__ptext22                                              text22       00044C
__ptext23                                              text23       0002BA
__ptext24                                              text24       000442
__ptext25                                              text25       000432
__ptext26                                              text26       00034E
__ptext27                                              text27       000362
__ptext28                                              text28       000376
__ptext29                                              text29       00038A
__ptext3                                               text3        0003C0
__ptext30                                              text30       000450
__ptext31                                              text31       0002E8
__ptext32                                              text32       00043A
__ptext33                                              text33       000454
__ptext34                                              text34       000000
__ptext4                                               text4        00041A
__ptext5                                               text5        0003B0
__ptext6                                               text6        0001FE
__ptext7                                               text7        0003CA
__ptext8                                               text8        0003D4
__ptext9                                               text9        0003DE
__ramtop                                               ramtop       001000
__smallconst                                           smallconst   000000
_i2cRdData                                             bssCOMRAM    00000F
_i2cSlaveAddr                                          bssCOMRAM    00000E
_i2cSlaveState                                         bssCOMRAM    00000D
_i2cWrData                                             bssCOMRAM    000010
_main                                                  text0        000178
_value                                                 bssCOMRAM    000011
btemp                                                  temp         000019
end_of_initialization                                  cinit        000340
int$flags                                              temp         000019
intlevel0                                              text         000000
intlevel1                                              text         000000
intlevel2                                              text         000000
intlevel3                                              text         000000
isa$std                                                (abs)        000001
isa$xinst                                              (abs)        000000
stackhi                                                (abs)        000000
stacklo                                                (abs)        000000
start                                                  init         000078
start_initialization                                   cinit        000334
ttemp5                                                 temp         00001A
ttemp6                                                 temp         00001D
ttemp7                                                 temp         000021
wtemp8                                                 temp         00001A


MODULE INFORMATION

Module		Function		Class		Link	Load	Size
mcc_generated_files/i2c_slave.c
		_I2C_SlaveDefWrInterruptHandler		CODE           	0422	0000	8
		_I2C_SlaveSetWrColIntHandler		CODE           	03D4	0000	10
		_I2C_SlaveSetWriteIntHandler		CODE           	03CA	0000	10
		_I2C_SlaveOpen 		CODE           	0316	0000	30
		_I2C_SlaveSetSlaveAddr		CODE           	03E8	0000	10
		_I2C_SlaveIsRxBufFull		CODE           	0362	0000	20
		_I2C_SlaveClearIrq		CODE           	0450	0000	4
		_I2C_SlaveGetRxData		CODE           	0454	0000	4
		_I2C_SlaveSetSlaveMask		CODE           	03DE	0000	10
		_I2C_Isr       		CODE           	007C	0000	252
		_I2C_SlaveDefAddrInterruptHandler		CODE           	043A	0000	8
		_I2C_Open      		CODE           	01FE	0000	94
		_I2C_SlaveDefRdInterruptHandler@i2c_slave$F718		CODE           	0432	0000	8
		_I2C_SlaveIsRead		CODE           	0376	0000	20
		_I2C_SlaveSetIsrHandler		CODE           	03FC	0000	10
		_I2C_SlaveIsAddr		CODE           	038A	0000	20
		_I2C_SlaveSetBusColIntHandler		CODE           	0406	0000	10
		_I2C_SlaveEnableIrq		CODE           	0448	0000	4
		_I2C_SlaveSendTxData		CODE           	042A	0000	8
		_I2C_SlaveRdCallBack		CODE           	02BA	0000	46
		_I2C_SlaveWrCallBack		CODE           	028C	0000	46
		_I2C_SlaveSetReadIntHandler		CODE           	03F2	0000	10
		_I2C_SlaveAddrCallBack		CODE           	02E8	0000	46
		_I2C_Initialize		CODE           	03B0	0000	16
		_I2C_SlaveIsTxBufEmpty		CODE           	034E	0000	20
		_I2C_SlaveSetAddrIntHandler		CODE           	0410	0000	10
		_I2C_SlaveReleaseClock		CODE           	044C	0000	4

mcc_generated_files/i2c_slave.c estimated size: 738

mcc_generated_files/interrupt_manager.c
		_INTERRUPT_Initialize		CODE           	041A	0000	8
		_INTERRUPT_InterruptManagerHigh		CODE           	0008	0000	112

mcc_generated_files/interrupt_manager.c estimated size: 120

mcc_generated_files/pin_manager.c
		_PIN_MANAGER_Initialize		CODE           	025C	0000	48

mcc_generated_files/pin_manager.c estimated size: 48

shared
		__initialization		CODE           	0334	0000	12

shared estimated size: 12

mcc_generated_files/mcc.c
		_OSCILLATOR_Initialize		CODE           	03C0	0000	10
		_SYSTEM_Initialize		CODE           	039E	0000	18

mcc_generated_files/mcc.c estimated size: 28

main.c
		_I2C_SlaveDefRdInterruptHandler		CODE           	0442	0000	6
		_main          		CODE           	0178	0000	134

main.c estimated size: 140

