Microchip MPLAB XC8 Compiler V2.41

Linker command line:

-W-3 \
  --edf=C:/Program Files/Microchip/MPLABX/v6.15/packs/Microchip/PIC18F-K_DFP/1.11.281/xc8\pic\dat\20230721151103_en.msgs \
  -cn -h+dist/default/production\SmartHome_M.X.production.sym \
  --cmf=dist/default/production\SmartHome_M.X.production.cmf -z -Q18F46K20 \
  -oC:\Users\fathy\AppData\Local\Temp\xcAsbtk.\driver_tmp_3.o \
  --defsym=__MPLAB_BUILD=1 --fixupoverflow=error \
  -Mdist/default/production/SmartHome_M.X.production.map \
  --md=C:\Users\fathy\AppData\Local\Temp\xcAsbtk.\driver_tmp_0.dat -E1 \
  -ver=XC8 Compiler --acfsm=1493 -ACODE=00h-0FFFFh -ACONST=00h-0FFFFh \
  -ASMALLCONST=01000h-010FFhx240 -AMEDIUMCONST=01000h-0FFFFh \
  -ACOMRAM=01h-05Fh -AABS1=00h-0F5Fh -ABIGRAM=01h-0F5Fh \
  -ARAM=060h-0FFh,0100h-01FFhx14,0F00h-0F5Fh -ABANK0=060h-0FFh \
  -ABANK1=0100h-01FFh -ABANK2=0200h-02FFh -ABANK3=0300h-03FFh \
  -ABANK4=0400h-04FFh -ABANK5=0500h-05FFh -ABANK6=0600h-06FFh \
  -ABANK7=0700h-07FFh -ABANK8=0800h-08FFh -ABANK9=0900h-09FFh \
  -ABANK10=0A00h-0AFFh -ABANK11=0B00h-0BFFh -ABANK12=0C00h-0CFFh \
  -ABANK13=0D00h-0DFFh -ABANK14=0E00h-0EFFh -ABANK15=0F00h-0F5Fh \
  -ASFR=0F60h-0FFFh -ABIGSFR=0F60h-0FFFh -ACONFIG=0300000h-030000Dh \
  -AIDLOC=0200000h-0200007h -AEEDATA=0F00000h-0F003FFh -peeprom_data=EEDATA \
  -preset_vec=00h,intcode=08h,intcodelo,powerup,init -pramtop=01000h \
  -psmallconst=SMALLCONST -pmediumconst=MEDIUMCONST -pconst=CONST \
  -AFARRAM=00h-00h \
  -prdata=COMRAM,nvrram=COMRAM,nvbit=COMRAM,rbss=COMRAM,rbit=COMRAM \
  -pfarbss=FARRAM,fardata=FARRAM,nvFARRAM=FARRAM \
  -pintsave_regs=BIGRAM,bigbss=BIGRAM,bigdata=BIGRAM -pbss=RAM \
  -pidata=CODE,irdata=CODE,ibigdata=CODE,ifardata=CODE -prparam=COMRAM \
  C:\Users\fathy\AppData\Local\Temp\xcAsbtk.\driver_tmp_14.o \
  dist/default/production\SmartHome_M.X.production.o 

Object code version is 3.11

Machine type is 18F46K20



                Name                               Link     Load   Length Selector   Space Scale
C:\Users\fathy\AppData\Local\Temp\xcAsbtk.\driver_tmp_14.o
                config                           300000   300000        E        0       4
                init                                 B6       B6        4        4       0
                reset_vec                             0        0        4        0       0
dist/default/production\SmartHome_M.X.production.o
                intcode                               8        8       AE        4       0
                config                           300000   300000        E        0       4
                temp                                 46       46        1        1       1
                smallconst                         1000     1000       5E      800       0
                text106                            3E2C     3E2C        4      82F       0
                text105                            3E28     3E28        4      82F       0
                text104                            3BF2     3BF2       24      82F       0
                text103                            33E2     33E2       76      82F       0
                text102                            3C68     3C68       18      82F       0
                text101                            3B7C     3B7C       2C      82F       0
                text100                            3B50     3B50       2C      82F       0
                text99                             3B24     3B24       2C      82F       0
                text98                             3AF8     3AF8       2C      82F       0
                text97                             38B6     38B6       40      82F       0
                text96                             3E24     3E24        4      82F       0
                text95                             3E20     3E20        4      82F       0
                text94                             3E1C     3E1C        4      82F       0
                text93                             3DF6     3DF6        6      82F       0
                text92                             3E18     3E18        4      82F       0
                text91                             3DF0     3DF0        6      82F       0
                text90                             3DDC     3DDC        8      82F       0
                text89                             3CD4     3CD4       14      82F       0
                text88                             3E14     3E14        4      82F       0
                text87                             32F0     32F0       7C      82F       0
                text86                             3D4C     3D4C        C      82F       0
                text85                             3CFA     3CFA       10      82F       0
                text84                             3D26     3D26        E      82F       0
                text83                             2D14     2D14       C4      82F       0
                text82                             2DD8     2DD8       A6      82F       0
                text81                             3D40     3D40        C      82F       0
                text80                             3DD4     3DD4        8      82F       0
                text79                             3DCC     3DCC        8      82F       0
                text78                             3DC4     3DC4        8      82F       0
                text77                             3DBC     3DBC        8      82F       0
                text76                             3DB4     3DB4        8      82F       0
                text75                             3DAC     3DAC        8      82F       0
                text74                             3DA4     3DA4        8      82F       0
                text73                             3D34     3D34        C      82F       0
                text72                             367A     367A       66      82F       0
                text71                             3E10     3E10        4      82F       0
                text70                             34CC     34CC       70      82F       0
                text69                             3DEA     3DEA        6      82F       0
                text67                             3E0C     3E0C        4      82F       0
                text66                             3E08     3E08        4      82F       0
                text65                             3E04     3E04        4      82F       0
                text64                             3ACC     3ACC       2C      82F       0
                text63                             3E00     3E00        4      82F       0
                text62                             3876     3876       40      82F       0
                text61                             3D9C     3D9C        8      82F       0
                text60                             3DFC     3DFC        4      82F       0
                text59                             3C16     3C16       22      82F       0
                text58                             3D8A     3D8A        A      82F       0
                text57                             2F22     2F22       9E      82F       0
                text56                             336C     336C       76      82F       0
                text55                             3C50     3C50       18      82F       0
                text54                             3BCE     3BCE       24      82F       0
                text53                             3C38     3C38       18      82F       0
                text52                             3458     3458       74      82F       0
                text51                             3D18     3D18        E      82F       0
                text50                             353C     353C       6E      82F       0
                text49                             3CE8     3CE8       12      82F       0
                text48                             3C96     3C96       16      82F       0
                text47                             3934     3934       3A      82F       0
                text46                             265A     265A      14A      82F       0
                text45                             3798     3798       5A      82F       0
                text44                             3A44     3A44       30      82F       0
                text43                             31E6     31E6       86      82F       0
                text42                             3160     3160       86      82F       0
                text41                             326C     326C       84      82F       0
                text40                             1D6E     1D6E      1B0      82F       0
                text39                             3D0A     3D0A        E      82F       0
                text38                             3D80     3D80        A      82F       0
                text37                             3D76     3D76        A      82F       0
                text36                             3D6C     3D6C        A      82F       0
                text35                             38F6     38F6       3E      82F       0
                text34                             3CC0     3CC0       14      82F       0
                text33                             3D94     3D94        8      82F       0
                text32                             3D62     3D62        A      82F       0
                text31                             3A14     3A14       30      82F       0
                text30                             3C80     3C80       16      82F       0
                text29                             373C     373C       5C      82F       0
                text28                             20BC     20BC      176      82F       0
                text27                             27A4     27A4      10C      82F       0
                text26                             29AC     29AC       EC      82F       0
                text25                             3836     3836       40      82F       0
                text24                             3E30     3E30        2      82F       0
                text23                             2B82     2B82       CA      82F       0
                text22                             37F2     37F2       44      82F       0
                text21                             39DE     39DE       36      82F       0
                text20                             2C4C     2C4C       C8      82F       0
                text19                             1B36     1B36      238      82F       0
                text18                             1F1E     1F1E      19E      82F       0
                text17                             3BA8     3BA8       26      82F       0
                text16                             2A98     2A98       EA      82F       0
                text15                             2E7E     2E7E       A4      82F       0
                text14                             30D8     30D8       88      82F       0
                text13                             2232     2232      164      82F       0
                text12                             39A6     39A6       38      82F       0
                text11                             3AA0     3AA0       2C      82F       0
                text10                             3A74     3A74       2C      82F       0
                text9                              396E     396E       38      82F       0
                text8                              18B8     18B8      27E      82F       0
                text7                              105E     105E      85A      82F       0
                text6                              35AA     35AA       6A      82F       0
                text5                              36E0     36E0       5C      82F       0
                text4                              3614     3614       66      82F       0
                text3                              24F8     24F8      162      82F       0
                text2                              304E     304E       8A      82F       0
                text1                              2396     2396      162      82F       0
                text0                              28B0     28B0       FC      82F       0
                cstackCOMRAM                          1        1       2D        1       1
                cstackBANK0                          60       60       49       60       1
                cstackBANK1                         12C      12C       12      100       1
                dataBANK1                           13E      13E        A      100       1
                bssBANK1                            100      100       2C      100       1
                dataBANK0                            E7       E7       14       60       1
                bssBANK0                             A9       A9       3E       60       1
                dataCOMRAM                           40       40        6        1       1
                bssCOMRAM                            2E       2E       12        1       1
                cinit                              2FC0     2FC0       8E      82F       0
                nvBANK1                             148      148        2      100       1
                nvBANK0                              FB       FB        4       60       1
                idataBANK1                         3D58     3D58        A      82F       0
                idataBANK0                         3CAC     3CAC       14      82F       0
                idataCOMRAM                        3DE4     3DE4        6      82F       0

TOTAL           Name                               Link     Load   Length     Space
        CLASS   CODE           
                intcode                               8        8       AE         0
                init                                 B6       B6        4         0
                reset_vec                             0        0        4         0
                text106                            3E2C     3E2C        4         0
                text105                            3E28     3E28        4         0
                text104                            3BF2     3BF2       24         0
                text103                            33E2     33E2       76         0
                text102                            3C68     3C68       18         0
                text101                            3B7C     3B7C       2C         0
                text100                            3B50     3B50       2C         0
                text99                             3B24     3B24       2C         0
                text98                             3AF8     3AF8       2C         0
                text97                             38B6     38B6       40         0
                text96                             3E24     3E24        4         0
                text95                             3E20     3E20        4         0
                text94                             3E1C     3E1C        4         0
                text93                             3DF6     3DF6        6         0
                text92                             3E18     3E18        4         0
                text91                             3DF0     3DF0        6         0
                text90                             3DDC     3DDC        8         0
                text89                             3CD4     3CD4       14         0
                text88                             3E14     3E14        4         0
                text87                             32F0     32F0       7C         0
                text86                             3D4C     3D4C        C         0
                text85                             3CFA     3CFA       10         0
                text84                             3D26     3D26        E         0
                text83                             2D14     2D14       C4         0
                text82                             2DD8     2DD8       A6         0
                text81                             3D40     3D40        C         0
                text80                             3DD4     3DD4        8         0
                text79                             3DCC     3DCC        8         0
                text78                             3DC4     3DC4        8         0
                text77                             3DBC     3DBC        8         0
                text76                             3DB4     3DB4        8         0
                text75                             3DAC     3DAC        8         0
                text74                             3DA4     3DA4        8         0
                text73                             3D34     3D34        C         0
                text72                             367A     367A       66         0
                text71                             3E10     3E10        4         0
                text70                             34CC     34CC       70         0
                text69                             3DEA     3DEA        6         0
                text67                             3E0C     3E0C        4         0
                text66                             3E08     3E08        4         0
                text65                             3E04     3E04        4         0
                text64                             3ACC     3ACC       2C         0
                text63                             3E00     3E00        4         0
                text62                             3876     3876       40         0
                text61                             3D9C     3D9C        8         0
                text60                             3DFC     3DFC        4         0
                text59                             3C16     3C16       22         0
                text58                             3D8A     3D8A        A         0
                text57                             2F22     2F22       9E         0
                text56                             336C     336C       76         0
                text55                             3C50     3C50       18         0
                text54                             3BCE     3BCE       24         0
                text53                             3C38     3C38       18         0
                text52                             3458     3458       74         0
                text51                             3D18     3D18        E         0
                text50                             353C     353C       6E         0
                text49                             3CE8     3CE8       12         0
                text48                             3C96     3C96       16         0
                text47                             3934     3934       3A         0
                text46                             265A     265A      14A         0
                text45                             3798     3798       5A         0
                text44                             3A44     3A44       30         0
                text43                             31E6     31E6       86         0
                text42                             3160     3160       86         0
                text41                             326C     326C       84         0
                text40                             1D6E     1D6E      1B0         0
                text39                             3D0A     3D0A        E         0
                text38                             3D80     3D80        A         0
                text37                             3D76     3D76        A         0
                text36                             3D6C     3D6C        A         0
                text35                             38F6     38F6       3E         0
                text34                             3CC0     3CC0       14         0
                text33                             3D94     3D94        8         0
                text32                             3D62     3D62        A         0
                text31                             3A14     3A14       30         0
                text30                             3C80     3C80       16         0
                text29                             373C     373C       5C         0
                text28                             20BC     20BC      176         0
                text27                             27A4     27A4      10C         0
                text26                             29AC     29AC       EC         0
                text25                             3836     3836       40         0
                text24                             3E30     3E30        2         0
                text23                             2B82     2B82       CA         0
                text22                             37F2     37F2       44         0
                text21                             39DE     39DE       36         0
                text20                             2C4C     2C4C       C8         0
                text19                             1B36     1B36      238         0
                text18                             1F1E     1F1E      19E         0
                text17                             3BA8     3BA8       26         0
                text16                             2A98     2A98       EA         0
                text15                             2E7E     2E7E       A4         0
                text14                             30D8     30D8       88         0
                text13                             2232     2232      164         0
                text12                             39A6     39A6       38         0
                text11                             3AA0     3AA0       2C         0
                text10                             3A74     3A74       2C         0
                text9                              396E     396E       38         0
                text8                              18B8     18B8      27E         0
                text7                              105E     105E      85A         0
                text6                              35AA     35AA       6A         0
                text5                              36E0     36E0       5C         0
                text4                              3614     3614       66         0
                text3                              24F8     24F8      162         0
                text2                              304E     304E       8A         0
                text1                              2396     2396      162         0
                text0                              28B0     28B0       FC         0
                cinit                              2FC0     2FC0       8E         0
                idataBANK1                         3D58     3D58        A         0
                idataBANK0                         3CAC     3CAC       14         0
                idataCOMRAM                        3DE4     3DE4        6         0

        CLASS   CONST          

        CLASS   SMALLCONST     
                smallconst                         1000     1000       5E         0

        CLASS   MEDIUMCONST    

        CLASS   COMRAM         
                temp                                 46       46        1         1
                cstackCOMRAM                          1        1       2D         1
                dataCOMRAM                           40       40        6         1
                bssCOMRAM                            2E       2E       12         1

        CLASS   ABS1           

        CLASS   BIGRAM         

        CLASS   RAM            

        CLASS   BANK0          
                cstackBANK0                          60       60       49         1
                dataBANK0                            E7       E7       14         1
                bssBANK0                             A9       A9       3E         1
                nvBANK0                              FB       FB        4         1

        CLASS   BANK1          
                cstackBANK1                         12C      12C       12         1
                dataBANK1                           13E      13E        A         1
                bssBANK1                            100      100       2C         1
                nvBANK1                             148      148        2         1

        CLASS   BANK2          

        CLASS   BANK3          

        CLASS   BANK4          

        CLASS   BANK5          

        CLASS   BANK6          

        CLASS   BANK7          

        CLASS   BANK8          

        CLASS   BANK9          

        CLASS   BANK10         

        CLASS   BANK11         

        CLASS   BANK12         

        CLASS   BANK13         

        CLASS   BANK14         

        CLASS   BANK15         

        CLASS   SFR            

        CLASS   BIGSFR         

        CLASS   CONFIG         
                config                           300000   300000        E         4

        CLASS   IDLOC          

        CLASS   EEDATA         

        CLASS   FARRAM         

        CLASS   HEAP           

        CLASS   STACK          



SEGMENTS        Name                           Load    Length   Top    Selector   Space  Class

                reset_vec                      000000  000004  000004         0       0  CODE    
                cstackCOMRAM                   000001  000046  000047         1       1  COMRAM  
                intcode                        000008  0000B2  0000BA         4       0  CODE    
                cstackBANK0                    000060  00009F  0000FF        60       1  BANK0   
                bssBANK1                       000100  00004A  00014A       100       1  BANK1   
                smallconst                     001000  00005E  00105E       800       0  SMALLCON
                text7                          00105E  002DD4  003E32       82F       0  CODE    


UNUSED ADDRESS RANGES

        Name                Unused          Largest block    Delta
        BANK0            0000FF-0000FF                1
        BANK1            00014A-0001FF               B6
        BANK10           000A00-000AFF              100
        BANK11           000B00-000BFF              100
        BANK12           000C00-000CFF              100
        BANK13           000D00-000DFF              100
        BANK14           000E00-000EFF              100
        BANK15           000F00-000F5F               60
        BANK2            000200-0002FF              100
        BANK3            000300-0003FF              100
        BANK4            000400-0004FF              100
        BANK5            000500-0005FF              100
        BANK6            000600-0006FF              100
        BANK7            000700-0007FF              100
        BANK8            000800-0008FF              100
        BANK9            000900-0009FF              100
        BIGRAM           000047-00005F               19
                         0000FF-0000FF                1
                         00014A-000F5F              E16
        BIGSFR           000F60-000FFF               A0
        CODE             000004-000007                4
                         0000BA-000FFF              F46
                         003E32-00FFFF             C1CE
        COMRAM           000047-00005F               19
        CONST            000004-000007                4
                         0000BA-000FFF              F46
                         003E32-00FFFF             C1CE
        EEDATA           F00000-F003FF              400
        IDLOC            200000-200007                8
        MEDIUMCONST      003E32-00FFFF             C1CE
        RAM              0000FF-0000FF                1
                         00014A-000F5F              100
        SFR              000F60-000FFF               A0
        SMALLCONST       003E32-00FFFF              100

                                  Symbol Table

?_Set_RTC_Date_Time                            cstackCOMRAM 000026
?___aldiv                                      cstackCOMRAM 00001A
?___almod                                      cstackCOMRAM 00001A
?___lldiv                                      cstackCOMRAM 00001A
?___llmod                                      cstackCOMRAM 00001A
?___wmul                                       cstackCOMRAM 00001A
?_abs                                          cstackCOMRAM 000024
?_dtoa                                         cstackBANK0  00006A
?_isalpha                                      cstackCOMRAM 00001A
?_islower                                      cstackCOMRAM 00001A
?_isupper                                      cstackCOMRAM 00001A
?_otoa                                         cstackBANK0  00006A
?_pad                                          cstackBANK0  000060
?_read_prec_or_width                           cstackCOMRAM 000020
?_sprintf                                      cstackBANK0  00009E
?_strlen                                       cstackCOMRAM 00001A
?_toupper                                      cstackCOMRAM 00001E
?_utoa                                         cstackBANK0  00006A
?_vfpfcnvrt                                    cstackBANK0  00007F
?_vfprintf                                     cstackBANK0  000097
?_xtoa                                         cstackBANK0  00006A
EEPROM_Read_1Byte@address                      cstackCOMRAM 000027
EEPROM_Read_1Byte@reg                          cstackCOMRAM 000026
EEPROM_Write_1Byte@address                     cstackCOMRAM 000028
EEPROM_Write_1Byte@data                        cstackCOMRAM 000027
EEPROM_Write_1Byte@reg                         cstackCOMRAM 000026
EUART_Send_String@text                         cstackCOMRAM 00001B
EUSART_SetErrorHandler@interruptHandler        cstackCOMRAM 00001A
EUSART_SetFramingErrorHandler@interruptHandler cstackCOMRAM 00001A
EUSART_SetOverrunErrorHandler@interruptHandler cstackCOMRAM 00001A
EUSART_Write@txData                            cstackCOMRAM 00001A
I2C_CallbackReturnReset@funPtr                 cstackCOMRAM 00000A
I2C_Close@returnValue                          cstackCOMRAM 00001A
I2C_MasterOperation@read                       cstackCOMRAM 00001A
I2C_MasterOperation@returnValue                cstackCOMRAM 00001B
I2C_MasterSendTxData@data                      cstackCOMRAM 000001
I2C_Open@address                               cstackCOMRAM 00001C
I2C_Open@returnValue                           cstackCOMRAM 00001D
I2C_Read1ByteRegister@address                  cstackCOMRAM 000024
I2C_Read1ByteRegister@reg                      cstackCOMRAM 000023
I2C_Read1ByteRegister@returnValue              cstackCOMRAM 000025
I2C_SetAddressNackCallback@cb                  cstackCOMRAM 00001F
I2C_SetAddressNackCallback@ptr                 cstackCOMRAM 000021
I2C_SetBuffer@buffer                           cstackCOMRAM 00001A
I2C_SetBuffer@bufferSize                       cstackCOMRAM 00001C
I2C_SetCallback@cb                             cstackCOMRAM 00001A
I2C_SetCallback@idx                            cstackCOMRAM 00001E
I2C_SetCallback@ptr                            cstackCOMRAM 00001C
I2C_SetDataCompleteCallback@cb                 cstackCOMRAM 00001F
I2C_SetDataCompleteCallback@ptr                cstackCOMRAM 000021
I2C_SetInterruptHandler@InterruptHandler       cstackCOMRAM 00001A
I2C_Write1ByteRegister@address                 cstackCOMRAM 000025
I2C_Write1ByteRegister@data                    cstackCOMRAM 000024
I2C_Write1ByteRegister@reg                     cstackCOMRAM 000023
Print_RTC_Date_Time@i                          cstackBANK0  00006F
Print_RTC_Date_Time@i_2233                     cstackBANK0  000071
Print_RTC_Date_Time@rtc_obj                    cstackBANK0  000069
Read_Temprature@address                        cstackCOMRAM 000026
_ANSEL                                         (abs)        000F7E
_ANSELH                                        (abs)        000F7F
_BAUDCON                                       (abs)        000FB8
_EEADR                                         (abs)        000FA9
_EEADRH                                        (abs)        000FAA
_EECON1bits                                    (abs)        000FA6
_EECON2                                        (abs)        000FA7
_EEDATA                                        (abs)        000FA8
_EEPROM_Read_1Byte                             text51       003D18
_EEPROM_Write_1Byte                            text49       003CE8
_EUART_Send_String                             text47       003934
_EUSART_DefaultErrorHandler                    (abs)        000000
_EUSART_DefaultFramingErrorHandler             (abs)        000000
_EUSART_DefaultOverrunErrorHandler             (abs)        000000
_EUSART_ErrorHandler                           nvBANK1      000148
_EUSART_FramingErrorHandler                    nvBANK0      0000FD
_EUSART_Initialize                             text35       0038F6
_EUSART_OverrunErrorHandler                    nvBANK0      0000FB
_EUSART_SetErrorHandler                        text38       003D80
_EUSART_SetFramingErrorHandler                 text37       003D76
_EUSART_SetOverrunErrorHandler                 text36       003D6C
_EUSART_Write                                  text48       003C96
_I2C_CallbackReturnReset                       text95       003E20
_I2C_CallbackReturnStop                        text96       003E24
_I2C_Close                                     text64       003ACC
_I2C_DO_ADDRESS_NACK                           text72       00367A
_I2C_DO_IDLE                                   text86       003D4C
_I2C_DO_RCEN                                   text81       003D40
_I2C_DO_RESET                                  text73       003D34
_I2C_DO_RX                                     text82       002DD8
_I2C_DO_RX_ACK                                 text76       003DB4
_I2C_DO_RX_NACK_RESTART                        text74       003DA4
_I2C_DO_RX_NACK_STOP                           text75       003DAC
_I2C_DO_SEND_ADR_READ                          text85       003CFA
_I2C_DO_SEND_ADR_WRITE                         text84       003D26
_I2C_DO_SEND_RESTART                           text78       003DC4
_I2C_DO_SEND_RESTART_READ                      text80       003DD4
_I2C_DO_SEND_RESTART_WRITE                     text79       003DCC
_I2C_DO_SEND_STOP                              text77       003DBC
_I2C_DO_TX                                     text83       002D14
_I2C_DO_TX_EMPTY                               text87       0032F0
_I2C_Initialize                                text34       003CC0
_I2C_MasterClearIrq                            text67       003E0C
_I2C_MasterClose                               text66       003E08
_I2C_MasterDisableIrq                          text65       003E04
_I2C_MasterEnableIrq                           text60       003DFC
_I2C_MasterEnableRestart                       text106      003E2C
_I2C_MasterFsm                                 text70       0034CC
_I2C_MasterGetRxData                           text92       003E18
_I2C_MasterIsNack                              text89       003CD4
_I2C_MasterIsr                                 text69       003DEA
_I2C_MasterOpen                                text59       003C16
_I2C_MasterOperation                           text62       003876
_I2C_MasterSendAck                             text91       003DF0
_I2C_MasterSendNack                            text93       003DF6
_I2C_MasterSendTxData                          text90       003DDC
_I2C_MasterSetIrq                              text88       003E14
_I2C_MasterStart                               text63       003E00
_I2C_MasterStartRx                             text94       003E1C
_I2C_MasterStop                                text105      003E28
_I2C_MasterWrite                               text61       003D9C
_I2C_Open                                      text57       002F22
_I2C_Read1ByteRegister                         text52       003458
_I2C_SetAddressNackCallback                    text55       003C50
_I2C_SetBuffer                                 text54       003BCE
_I2C_SetCallback                               text56       00336C
_I2C_SetDataCompleteCallback                   text53       003C38
_I2C_SetInterruptHandler                       text58       003D8A
_I2C_Status                                    bssBANK0     0000A9
_I2C_Write1ByteRegister                        text50       00353C
_INTCON2bits                                   (abs)        000FF1
_INTCONbits                                    (abs)        000FF2
_INTERRUPT_Initialize                          text33       003D94
_INTERRUPT_InterruptManagerHigh                intcode      000008
_IPR1bits                                      (abs)        000F9F
_IPR2bits                                      (abs)        000FA2
_LATA                                          (abs)        000F89
_LATB                                          (abs)        000F8A
_LATC                                          (abs)        000F8B
_LATD                                          (abs)        000F8C
_LATE                                          (abs)        000F8D
_MSSP_InterruptHandler                         bssCOMRAM    00003A
_OSCCON                                        (abs)        000FD3
_OSCILLATOR_Initialize                         text32       003D62
_OSCTUNE                                       (abs)        000F9B
_PIE1bits                                      (abs)        000F9D
_PIE2bits                                      (abs)        000FA0
_PIN_MANAGER_Initialize                        text31       003A14
_PIR1bits                                      (abs)        000F9E
_PIR2bits                                      (abs)        000FA1
_PORTA                                         (abs)        000F80
_PORTB                                         (abs)        000F81
_PORTC                                         (abs)        000F82
_PORTD                                         (abs)        000F83
_PORTE                                         (abs)        000F84
_Print_RTC_Date_Time                           text40       001D6E
_RCONbits                                      (abs)        000FD0
_RCREG                                         (abs)        000FAE
_RCSTA                                         (abs)        000FAB
_RCSTAbits                                     (abs)        000FAB
_Read_Temprature                               text39       003D0A
_SPBRG                                         (abs)        000FAF
_SPBRGH                                        (abs)        000FB0
_SSPADD                                        (abs)        000FC8
_SSPBUF                                        (abs)        000FC9
_SSPCON1                                       (abs)        000FC6
_SSPCON1bits                                   (abs)        000FC6
_SSPCON2                                       (abs)        000FC5
_SSPCON2bits                                   (abs)        000FC5
_SSPSTAT                                       (abs)        000FC7
_SSPSTATbits                                   (abs)        000FC7
_SYSTEM_Initialize                             text30       003C80
_Set_RTC_Date_Time                             text29       00373C
_TABLAT                                        (abs)        000FF5
_TBLPTRH                                       (abs)        000FF7
_TBLPTRL                                       (abs)        000FF6
_TBLPTRU                                       (abs)        000FF8
_TRISA                                         (abs)        000F92
_TRISB                                         (abs)        000F93
_TRISC                                         (abs)        000F94
_TRISD                                         (abs)        000F95
_TRISE                                         (abs)        000F96
_TXREG                                         (abs)        000FAD
_TXSTA                                         (abs)        000FAC
_TXSTAbits                                     (abs)        000FAC
_WPUB                                          (abs)        000F7C
__HRAM                                         (abs)        000000
__H__absolute__                                __absolute__ 000000
__Habs1                                        abs1         000000
__Hbank0                                       bank0        000000
__Hbank1                                       bank1        000000
__Hbank10                                      bank10       000000
__Hbank11                                      bank11       000000
__Hbank12                                      bank12       000000
__Hbank13                                      bank13       000000
__Hbank14                                      bank14       000000
__Hbank15                                      bank15       000000
__Hbank2                                       bank2        000000
__Hbank3                                       bank3        000000
__Hbank4                                       bank4        000000
__Hbank5                                       bank5        000000
__Hbank6                                       bank6        000000
__Hbank7                                       bank7        000000
__Hbank8                                       bank8        000000
__Hbank9                                       bank9        000000
__Hbigbss                                      bigbss       000000
__Hbigdata                                     bigdata      000000
__Hbigram                                      bigram       000000
__Hbigsfr                                      bigsfr       000000
__Hbss                                         bss          000000
__HbssBANK0                                    bssBANK0     000000
__HbssBANK1                                    bssBANK1     000000
__HbssCOMRAM                                   bssCOMRAM    000000
__Hcinit                                       cinit        000000
__Hclrtext                                     clrtext      000000
__Hcomram                                      comram       000000
__Hconfig                                      config       30000E
__Hconst                                       const        000000
__HcstackBANK0                                 cstackBANK0  000000
__HcstackBANK1                                 cstackBANK1  000000
__HcstackCOMRAM                                cstackCOMRAM 000000
__Hdata                                        data         000000
__HdataBANK0                                   dataBANK0    000000
__HdataBANK1                                   dataBANK1    000000
__HdataCOMRAM                                  dataCOMRAM   000000
__Heeprom_data                                 eeprom_data  000000
__Hfarbss                                      farbss       000000
__Hfardata                                     fardata      000000
__Hheap                                        heap         000000
__Hibigdata                                    ibigdata     000000
__Hidata                                       idata        000000
__HidataBANK0                                  idataBANK0   000000
__HidataBANK1                                  idataBANK1   000000
__HidataCOMRAM                                 idataCOMRAM  000000
__Hidloc                                       idloc        000000
__Hifardata                                    ifardata     000000
__Hinit                                        init         0000BA
__Hintcode                                     intcode      0000B6
__Hintcode_body                                intcode_body 000000
__Hintcodelo                                   intcodelo    0000B6
__Hintentry                                    intentry     000000
__Hintret                                      intret       000000
__Hintsave_regs                                intsave_regs 000000
__Hirdata                                      irdata       000000
__Hmediumconst                                 mediumconst  000000
__HnvBANK0                                     nvBANK0      000000
__HnvBANK1                                     nvBANK1      000000
__HnvFARRAM                                    nvFARRAM     000000
__Hnvbit                                       nvbit        000000
__Hnvrram                                      nvrram       000000
__Hparam                                       rparam       000000
__Hpowerup                                     powerup      0000B6
__Hram                                         ram          000000
__Hramtop                                      ramtop       001000
__Hrbit                                        rbit         000000
__Hrbss                                        rbss         000000
__Hrdata                                       rdata        000000
__Hreset_vec                                   reset_vec    000004
__Hrparam                                      rparam       000000
__Hsfr                                         sfr          000000
__Hsmallconst                                  smallconst   00105E
__Hspace_0                                     (abs)        003E32
__Hspace_1                                     (abs)        00014A
__Hspace_2                                     (abs)        000000
__Hspace_4                                     (abs)        60000E
__Hstack                                       stack        000000
__Hstruct                                      struct       000000
__Htemp                                        temp         000047
__Htext                                        text         000000
__Htext0                                       text0        000000
__Htext1                                       text1        000000
__Htext10                                      text10       000000
__Htext100                                     text100      000000
__Htext101                                     text101      000000
__Htext102                                     text102      000000
__Htext103                                     text103      000000
__Htext104                                     text104      000000
__Htext105                                     text105      000000
__Htext106                                     text106      000000
__Htext107                                     text107      000000
__Htext11                                      text11       000000
__Htext12                                      text12       000000
__Htext13                                      text13       000000
__Htext14                                      text14       000000
__Htext15                                      text15       000000
__Htext16                                      text16       000000
__Htext17                                      text17       000000
__Htext18                                      text18       000000
__Htext19                                      text19       000000
__Htext2                                       text2        000000
__Htext20                                      text20       000000
__Htext21                                      text21       000000
__Htext22                                      text22       000000
__Htext23                                      text23       000000
__Htext24                                      text24       000000
__Htext25                                      text25       000000
__Htext26                                      text26       000000
__Htext27                                      text27       000000
__Htext28                                      text28       000000
__Htext29                                      text29       000000
__Htext3                                       text3        000000
__Htext30                                      text30       000000
__Htext31                                      text31       000000
__Htext32                                      text32       000000
__Htext33                                      text33       000000
__Htext34                                      text34       000000
__Htext35                                      text35       000000
__Htext36                                      text36       000000
__Htext37                                      text37       000000
__Htext38                                      text38       000000
__Htext39                                      text39       000000
__Htext4                                       text4        000000
__Htext40                                      text40       000000
__Htext41                                      text41       000000
__Htext42                                      text42       000000
__Htext43                                      text43       000000
__Htext44                                      text44       000000
__Htext45                                      text45       000000
__Htext46                                      text46       000000
__Htext47                                      text47       000000
__Htext48                                      text48       000000
__Htext49                                      text49       000000
__Htext5                                       text5        000000
__Htext50                                      text50       000000
__Htext51                                      text51       000000
__Htext52                                      text52       000000
__Htext53                                      text53       000000
__Htext54                                      text54       000000
__Htext55                                      text55       000000
__Htext56                                      text56       000000
__Htext57                                      text57       000000
__Htext58                                      text58       000000
__Htext59                                      text59       000000
__Htext6                                       text6        000000
__Htext60                                      text60       000000
__Htext61                                      text61       000000
__Htext62                                      text62       000000
__Htext63                                      text63       000000
__Htext64                                      text64       000000
__Htext65                                      text65       000000
__Htext66                                      text66       000000
__Htext67                                      text67       000000
__Htext69                                      text69       000000
__Htext7                                       text7        000000
__Htext70                                      text70       000000
__Htext71                                      text71       000000
__Htext72                                      text72       000000
__Htext73                                      text73       000000
__Htext74                                      text74       000000
__Htext75                                      text75       000000
__Htext76                                      text76       000000
__Htext77                                      text77       000000
__Htext78                                      text78       000000
__Htext79                                      text79       000000
__Htext8                                       text8        000000
__Htext80                                      text80       000000
__Htext81                                      text81       000000
__Htext82                                      text82       000000
__Htext83                                      text83       000000
__Htext84                                      text84       000000
__Htext85                                      text85       000000
__Htext86                                      text86       000000
__Htext87                                      text87       000000
__Htext88                                      text88       000000
__Htext89                                      text89       000000
__Htext9                                       text9        000000
__Htext90                                      text90       000000
__Htext91                                      text91       000000
__Htext92                                      text92       000000
__Htext93                                      text93       000000
__Htext94                                      text94       000000
__Htext95                                      text95       000000
__Htext96                                      text96       000000
__Htext97                                      text97       000000
__Htext98                                      text98       000000
__Htext99                                      text99       000000
__LRAM                                         (abs)        000001
__L__absolute__                                __absolute__ 000000
__Labs1                                        abs1         000000
__Lbank0                                       bank0        000000
__Lbank1                                       bank1        000000
__Lbank10                                      bank10       000000
__Lbank11                                      bank11       000000
__Lbank12                                      bank12       000000
__Lbank13                                      bank13       000000
__Lbank14                                      bank14       000000
__Lbank15                                      bank15       000000
__Lbank2                                       bank2        000000
__Lbank3                                       bank3        000000
__Lbank4                                       bank4        000000
__Lbank5                                       bank5        000000
__Lbank6                                       bank6        000000
__Lbank7                                       bank7        000000
__Lbank8                                       bank8        000000
__Lbank9                                       bank9        000000
__Lbigbss                                      bigbss       000000
__Lbigdata                                     bigdata      000000
__Lbigram                                      bigram       000000
__Lbigsfr                                      bigsfr       000000
__Lbss                                         bss          000000
__LbssBANK0                                    bssBANK0     000000
__LbssBANK1                                    bssBANK1     000000
__LbssCOMRAM                                   bssCOMRAM    000000
__Lcinit                                       cinit        000000
__Lclrtext                                     clrtext      000000
__Lcomram                                      comram       000000
__Lconfig                                      config       000000
__Lconst                                       const        000000
__LcstackBANK0                                 cstackBANK0  000000
__LcstackBANK1                                 cstackBANK1  000000
__LcstackCOMRAM                                cstackCOMRAM 000000
__Ldata                                        data         000000
__LdataBANK0                                   dataBANK0    000000
__LdataBANK1                                   dataBANK1    000000
__LdataCOMRAM                                  dataCOMRAM   000000
__Leeprom_data                                 eeprom_data  000000
__Lfarbss                                      farbss       000000
__Lfardata                                     fardata      000000
__Lheap                                        heap         000000
__Libigdata                                    ibigdata     000000
__Lidata                                       idata        000000
__LidataBANK0                                  idataBANK0   000000
__LidataBANK1                                  idataBANK1   000000
__LidataCOMRAM                                 idataCOMRAM  000000
__Lidloc                                       idloc        000000
__Lifardata                                    ifardata     000000
__Linit                                        init         0000B6
__Lintcode                                     intcode      000008
__Lintcode_body                                intcode_body 000000
__Lintcodelo                                   intcodelo    0000B6
__Lintentry                                    intentry     000000
__Lintret                                      intret       000000
__Lintsave_regs                                intsave_regs 000000
__Lirdata                                      irdata       000000
__Lmediumconst                                 mediumconst  000000
__LnvBANK0                                     nvBANK0      000000
__LnvBANK1                                     nvBANK1      000000
__LnvFARRAM                                    nvFARRAM     000000
__Lnvbit                                       nvbit        000000
__Lnvrram                                      nvrram       000000
__Lparam                                       rparam       000000
__Lpowerup                                     powerup      0000B6
__Lram                                         ram          000000
__Lramtop                                      ramtop       001000
__Lrbit                                        rbit         000000
__Lrbss                                        rbss         000000
__Lrdata                                       rdata        000000
__Lreset_vec                                   reset_vec    000000
__Lrparam                                      rparam       000000
__Lsfr                                         sfr          000000
__Lsmallconst                                  smallconst   001000
__Lspace_0                                     (abs)        000000
__Lspace_1                                     (abs)        000000
__Lspace_2                                     (abs)        000000
__Lspace_4                                     (abs)        000000
__Lstack                                       stack        000000
__Lstruct                                      struct       000000
__Ltemp                                        temp         000046
__Ltext                                        text         000000
__Ltext0                                       text0        000000
__Ltext1                                       text1        000000
__Ltext10                                      text10       000000
__Ltext100                                     text100      000000
__Ltext101                                     text101      000000
__Ltext102                                     text102      000000
__Ltext103                                     text103      000000
__Ltext104                                     text104      000000
__Ltext105                                     text105      000000
__Ltext106                                     text106      000000
__Ltext107                                     text107      000000
__Ltext11                                      text11       000000
__Ltext12                                      text12       000000
__Ltext13                                      text13       000000
__Ltext14                                      text14       000000
__Ltext15                                      text15       000000
__Ltext16                                      text16       000000
__Ltext17                                      text17       000000
__Ltext18                                      text18       000000
__Ltext19                                      text19       000000
__Ltext2                                       text2        000000
__Ltext20                                      text20       000000
__Ltext21                                      text21       000000
__Ltext22                                      text22       000000
__Ltext23                                      text23       000000
__Ltext24                                      text24       000000
__Ltext25                                      text25       000000
__Ltext26                                      text26       000000
__Ltext27                                      text27       000000
__Ltext28                                      text28       000000
__Ltext29                                      text29       000000
__Ltext3                                       text3        000000
__Ltext30                                      text30       000000
__Ltext31                                      text31       000000
__Ltext32                                      text32       000000
__Ltext33                                      text33       000000
__Ltext34                                      text34       000000
__Ltext35                                      text35       000000
__Ltext36                                      text36       000000
__Ltext37                                      text37       000000
__Ltext38                                      text38       000000
__Ltext39                                      text39       000000
__Ltext4                                       text4        000000
__Ltext40                                      text40       000000
__Ltext41                                      text41       000000
__Ltext42                                      text42       000000
__Ltext43                                      text43       000000
__Ltext44                                      text44       000000
__Ltext45                                      text45       000000
__Ltext46                                      text46       000000
__Ltext47                                      text47       000000
__Ltext48                                      text48       000000
__Ltext49                                      text49       000000
__Ltext5                                       text5        000000
__Ltext50                                      text50       000000
__Ltext51                                      text51       000000
__Ltext52                                      text52       000000
__Ltext53                                      text53       000000
__Ltext54                                      text54       000000
__Ltext55                                      text55       000000
__Ltext56                                      text56       000000
__Ltext57                                      text57       000000
__Ltext58                                      text58       000000
__Ltext59                                      text59       000000
__Ltext6                                       text6        000000
__Ltext60                                      text60       000000
__Ltext61                                      text61       000000
__Ltext62                                      text62       000000
__Ltext63                                      text63       000000
__Ltext64                                      text64       000000
__Ltext65                                      text65       000000
__Ltext66                                      text66       000000
__Ltext67                                      text67       000000
__Ltext69                                      text69       000000
__Ltext7                                       text7        000000
__Ltext70                                      text70       000000
__Ltext71                                      text71       000000
__Ltext72                                      text72       000000
__Ltext73                                      text73       000000
__Ltext74                                      text74       000000
__Ltext75                                      text75       000000
__Ltext76                                      text76       000000
__Ltext77                                      text77       000000
__Ltext78                                      text78       000000
__Ltext79                                      text79       000000
__Ltext8                                       text8        000000
__Ltext80                                      text80       000000
__Ltext81                                      text81       000000
__Ltext82                                      text82       000000
__Ltext83                                      text83       000000
__Ltext84                                      text84       000000
__Ltext85                                      text85       000000
__Ltext86                                      text86       000000
__Ltext87                                      text87       000000
__Ltext88                                      text88       000000
__Ltext89                                      text89       000000
__Ltext9                                       text9        000000
__Ltext90                                      text90       000000
__Ltext91                                      text91       000000
__Ltext92                                      text92       000000
__Ltext93                                      text93       000000
__Ltext94                                      text94       000000
__Ltext95                                      text95       000000
__Ltext96                                      text96       000000
__Ltext97                                      text97       000000
__Ltext98                                      text98       000000
__Ltext99                                      text99       000000
__S0                                           (abs)        003E32
__S1                                           (abs)        00014A
__S4                                           (abs)        000000
__S5                                           (abs)        000000
___aldiv                                       text27       0027A4
___aldiv@counter                               cstackCOMRAM 000022
___aldiv@dividend                              cstackCOMRAM 00001A
___aldiv@divisor                               cstackCOMRAM 00001E
___aldiv@quotient                              cstackCOMRAM 000024
___aldiv@sign                                  cstackCOMRAM 000023
___almod                                       text26       0029AC
___almod@counter                               cstackCOMRAM 000022
___almod@dividend                              cstackCOMRAM 00001A
___almod@divisor                               cstackCOMRAM 00001E
___almod@sign                                  cstackCOMRAM 000023
___heap_hi                                     (abs)        000000
___heap_lo                                     (abs)        000000
___inthi_sp                                    stack        000000
___intlo_sp                                    stack        000000
___lldiv                                       text15       002E7E
___lldiv@counter                               cstackCOMRAM 000026
___lldiv@dividend                              cstackCOMRAM 00001A
___lldiv@divisor                               cstackCOMRAM 00001E
___lldiv@quotient                              cstackCOMRAM 000022
___llmod                                       text14       0030D8
___llmod@counter                               cstackCOMRAM 000022
___llmod@dividend                              cstackCOMRAM 00001A
___llmod@divisor                               cstackCOMRAM 00001E
___param_bank                                  (abs)        000000
___rparam_used                                 (abs)        000001
___sp                                          stack        000000
___wmul                                        text17       003BA8
___wmul@multiplicand                           cstackCOMRAM 00001C
___wmul@multiplier                             cstackCOMRAM 00001A
___wmul@product                                cstackCOMRAM 00001E
__accesstop                                    (abs)        000060
__activetblptr                                 (abs)        000003
__end_of_EEPROM_Read_1Byte                     text51       003D26
__end_of_EEPROM_Write_1Byte                    text49       003CFA
__end_of_EUART_Send_String                     text47       00396E
__end_of_EUSART_Initialize                     text35       003934
__end_of_EUSART_SetErrorHandler                text38       003D8A
__end_of_EUSART_SetFramingErrorHandler         text37       003D80
__end_of_EUSART_SetOverrunErrorHandler         text36       003D76
__end_of_EUSART_Write                          text48       003CAC
__end_of_I2C_CallbackReturnReset               text95       003E24
__end_of_I2C_CallbackReturnStop                text96       003E28
__end_of_I2C_Close                             text64       003AF8
__end_of_I2C_DO_ADDRESS_NACK                   text72       0036E0
__end_of_I2C_DO_IDLE                           text86       003D58
__end_of_I2C_DO_RCEN                           text81       003D4C
__end_of_I2C_DO_RESET                          text73       003D40
__end_of_I2C_DO_RX                             text82       002E7E
__end_of_I2C_DO_RX_ACK                         text76       003DBC
__end_of_I2C_DO_RX_NACK_RESTART                text74       003DAC
__end_of_I2C_DO_RX_NACK_STOP                   text75       003DB4
__end_of_I2C_DO_SEND_ADR_READ                  text85       003D0A
__end_of_I2C_DO_SEND_ADR_WRITE                 text84       003D34
__end_of_I2C_DO_SEND_RESTART                   text78       003DCC
__end_of_I2C_DO_SEND_RESTART_READ              text80       003DDC
__end_of_I2C_DO_SEND_RESTART_WRITE             text79       003DD4
__end_of_I2C_DO_SEND_STOP                      text77       003DC4
__end_of_I2C_DO_TX                             text83       002DD8
__end_of_I2C_DO_TX_EMPTY                       text87       00336C
__end_of_I2C_Initialize                        text34       003CD4
__end_of_I2C_MasterClearIrq                    text67       003E10
__end_of_I2C_MasterClose                       text66       003E0C
__end_of_I2C_MasterDisableIrq                  text65       003E08
__end_of_I2C_MasterEnableIrq                   text60       003E00
__end_of_I2C_MasterEnableRestart               text106      003E30
__end_of_I2C_MasterFsm                         text70       00353C
__end_of_I2C_MasterGetRxData                   text92       003E1C
__end_of_I2C_MasterIsNack                      text89       003CE8
__end_of_I2C_MasterIsr                         text69       003DF0
__end_of_I2C_MasterOpen                        text59       003C38
__end_of_I2C_MasterOperation                   text62       0038B6
__end_of_I2C_MasterSendAck                     text91       003DF6
__end_of_I2C_MasterSendNack                    text93       003DFC
__end_of_I2C_MasterSendTxData                  text90       003DE4
__end_of_I2C_MasterSetIrq                      text88       003E18
__end_of_I2C_MasterStart                       text63       003E04
__end_of_I2C_MasterStartRx                     text94       003E20
__end_of_I2C_MasterStop                        text105      003E2C
__end_of_I2C_MasterWrite                       text61       003DA4
__end_of_I2C_Open                              text57       002FC0
__end_of_I2C_Read1ByteRegister                 text52       0034CC
__end_of_I2C_SetAddressNackCallback            text55       003C68
__end_of_I2C_SetBuffer                         text54       003BF2
__end_of_I2C_SetCallback                       text56       0033E2
__end_of_I2C_SetDataCompleteCallback           text53       003C50
__end_of_I2C_SetInterruptHandler               text58       003D94
__end_of_I2C_Write1ByteRegister                text50       0035AA
__end_of_INTERRUPT_Initialize                  text33       003D9C
__end_of_INTERRUPT_InterruptManagerHigh        intcode      0000B6
__end_of_OSCILLATOR_Initialize                 text32       003D6C
__end_of_PIN_MANAGER_Initialize                text31       003A44
__end_of_Print_RTC_Date_Time                   text40       001F1E
__end_of_Read_Temprature                       text39       003D18
__end_of_SYSTEM_Initialize                     text30       003C96
__end_of_Set_RTC_Date_Time                     text29       003798
__end_of___aldiv                               text27       0028B0
__end_of___almod                               text26       002A98
__end_of___lldiv                               text15       002F22
__end_of___llmod                               text14       003160
__end_of___wmul                                text17       003BCE
__end_of__initialization                       cinit        003044
__end_of_abs                                   text25       003876
__end_of_convert_byte_to_string                text4        00367A
__end_of_dtoa                                  text19       001D6E
__end_of_fputc                                 text23       002C4C
__end_of_fputs                                 text22       003836
__end_of_gpio_pin_direction_initialize         text3        00265A
__end_of_gpio_pin_initialize                   text2        0030D8
__end_of_gpio_pin_write_logic                  text46       0027A4
__end_of_i2c_fsmStateTable                     smallconst   001021
__end_of_isalpha                               text12       0039DE
__end_of_islower                               text10       003AA0
__end_of_isupper                               text11       003ACC
__end_of_lcd_4bit_intialize                    text1        0024F8
__end_of_lcd_4bit_send_char_data               text42       0031E6
__end_of_lcd_4bit_send_command                 text43       00326C
__end_of_lcd_4bit_send_string                  text41       0032F0
__end_of_main                                  text0        0029AC
__end_of_memset                                text28       002232
__end_of_otoa                                  text18       0020BC
__end_of_pad                                   text20       002D14
__end_of_putch                                 text24       003E32
__end_of_rd1RegCompleteHandler                 text100      003B7C
__end_of_rd2RegCompleteHandler                 text99       003B50
__end_of_rdBlkRegCompleteHandler               text97       0038F6
__end_of_read_prec_or_width                    text16       002B82
__end_of_send_4bit_data                        text45       0037F2
__end_of_send_4bit_enable_signal               text44       003A74
__end_of_sprintf                               text5        00373C
__end_of_strlen                                text21       003A14
__end_of_toupper                               text9        0039A6
__end_of_utoa                                  text13       002396
__end_of_vfpfcnvrt                             text7        0018B8
__end_of_vfprintf                              text6        003614
__end_of_wr1RegCompleteHandler                 text98       003B24
__end_of_wr2RegCompleteHandler                 text101      003BA8
__end_of_xtoa                                  text8        001B36
__end_ofi2_I2C_MasterClearIrq                  text71       003E14
__end_ofi2_I2C_SetBuffer                       text104      003C16
__end_ofi2_I2C_SetCallback                     text103      003458
__end_ofi2_I2C_SetDataCompleteCallback         text102      003C80
__initialization                               cinit        002FC0
__mediumconst                                  mediumconst  000000
__pbssBANK0                                    bssBANK0     0000A9
__pbssBANK1                                    bssBANK1     000100
__pbssCOMRAM                                   bssCOMRAM    00002E
__pcinit                                       cinit        002FC0
__pcstackBANK0                                 cstackBANK0  000060
__pcstackBANK1                                 cstackBANK1  00012C
__pcstackCOMRAM                                cstackCOMRAM 000001
__pdataBANK0                                   dataBANK0    0000E7
__pdataBANK1                                   dataBANK1    00013E
__pdataCOMRAM                                  dataCOMRAM   000040
__pidataBANK0                                  idataBANK0   003CAC
__pidataBANK1                                  idataBANK1   003D58
__pidataCOMRAM                                 idataCOMRAM  003DE4
__pintcode                                     intcode      000008
__pnvBANK0                                     nvBANK0      0000FB
__pnvBANK1                                     nvBANK1      000148
__psmallconst                                  smallconst   001000
__ptext0                                       text0        0028B0
__ptext1                                       text1        002396
__ptext10                                      text10       003A74
__ptext100                                     text100      003B50
__ptext101                                     text101      003B7C
__ptext102                                     text102      003C68
__ptext103                                     text103      0033E2
__ptext104                                     text104      003BF2
__ptext105                                     text105      003E28
__ptext106                                     text106      003E2C
__ptext107                                     text107      000000
__ptext11                                      text11       003AA0
__ptext12                                      text12       0039A6
__ptext13                                      text13       002232
__ptext14                                      text14       0030D8
__ptext15                                      text15       002E7E
__ptext16                                      text16       002A98
__ptext17                                      text17       003BA8
__ptext18                                      text18       001F1E
__ptext19                                      text19       001B36
__ptext2                                       text2        00304E
__ptext20                                      text20       002C4C
__ptext21                                      text21       0039DE
__ptext22                                      text22       0037F2
__ptext23                                      text23       002B82
__ptext24                                      text24       003E30
__ptext25                                      text25       003836
__ptext26                                      text26       0029AC
__ptext27                                      text27       0027A4
__ptext28                                      text28       0020BC
__ptext29                                      text29       00373C
__ptext3                                       text3        0024F8
__ptext30                                      text30       003C80
__ptext31                                      text31       003A14
__ptext32                                      text32       003D62
__ptext33                                      text33       003D94
__ptext34                                      text34       003CC0
__ptext35                                      text35       0038F6
__ptext36                                      text36       003D6C
__ptext37                                      text37       003D76
__ptext38                                      text38       003D80
[...]
_otoa                                          text18       001F1E
_pad                                           text20       002C4C
_port_registers                                dataBANK1    00013E
_prec                                          bssCOMRAM    000036
_putch                                         text24       003E30
_rd1RegCompleteHandler                         text100      003B50
_rd2RegCompleteHandler                         text99       003B24
_rdBlkRegCompleteHandler                       text97       0038B6
_read_prec_or_width                            text16       002A98
_res                                           bssCOMRAM    000038
_rtc                                           bssCOMRAM    00002E
_rtc_obj                                       bssBANK1     000106
_send_4bit_data                                text45       003798
_send_4bit_enable_signal                       text44       003A44
_sprintf                                       text5        0036E0
_strlen                                        text21       0039DE
_temp_value                                    bssCOMRAM    00003E
_toupper                                       text9        00396E
_tris_registers                                dataBANK0    0000F1
_utoa                                          text13       002232
_vfpfcnvrt                                     text7        00105E
_vfprintf                                      text6        0035AA
_width                                         bssCOMRAM    000034
_wr1RegCompleteHandler                         text98       003AF8
_wr2RegCompleteHandler                         text101      003B7C
_xtoa                                          text8        0018B8
_xtoa$2916                                     cstackBANK0  000075
abs@a                                          cstackCOMRAM 000024
btemp                                          temp         000046
convert_byte_to_string@l_counter               cstackBANK1  00013A
convert_byte_to_string@str                     cstackBANK0  0000A7
convert_byte_to_string@val                     cstackBANK1  00013B
dtoa@d                                         cstackBANK0  00006C
dtoa@fp                                        cstackBANK0  00006A
dtoa@i                                         cstackBANK0  000076
dtoa@p                                         cstackBANK0  000072
dtoa@s                                         cstackBANK0  000078
dtoa@w                                         cstackBANK0  000074
end_of_initialization                          cinit        003044
fputc@c                                        cstackCOMRAM 00001A
fputc@fp                                       cstackCOMRAM 00001C
fputs@c                                        cstackCOMRAM 000027
fputs@fp                                       cstackCOMRAM 000025
fputs@i                                        cstackCOMRAM 000028
fputs@s                                        cstackCOMRAM 000023
gpio_pin_direction_initialize@_pin_config      cstackCOMRAM 00001A
gpio_pin_direction_initialize@ret              cstackCOMRAM 000022
gpio_pin_initialize@_pin_config                cstackCOMRAM 000024
gpio_pin_initialize@ret                        cstackCOMRAM 000027
gpio_pin_write_logic@_pin_config               cstackCOMRAM 00001A
gpio_pin_write_logic@logic                     cstackCOMRAM 00001C
gpio_pin_write_logic@ret                       cstackCOMRAM 000023
i2I2C_SetBuffer@buffer                         cstackCOMRAM 000001
i2I2C_SetBuffer@bufferSize                     cstackCOMRAM 000003
i2I2C_SetCallback@cb                           cstackCOMRAM 000001
i2I2C_SetCallback@idx                          cstackCOMRAM 000005
i2I2C_SetCallback@ptr                          cstackCOMRAM 000003
i2I2C_SetDataCompleteCallback@cb               cstackCOMRAM 000006
i2I2C_SetDataCompleteCallback@ptr              cstackCOMRAM 000008
i2_I2C_MasterClearIrq                          text71       003E10
i2_I2C_SetBuffer                               text104      003BF2
i2_I2C_SetCallback                             text103      0033E2
i2_I2C_SetDataCompleteCallback                 text102      003C68
int$flags                                      temp         000046
intlevel0                                      text         000000
intlevel1                                      text         000000
intlevel2                                      text         000000
intlevel3                                      text         000000
isa$std                                        (abs)        000001
isa$xinst                                      (abs)        000000
isalpha@c                                      cstackCOMRAM 00001A
islower@c                                      cstackCOMRAM 00001A
isupper@c                                      cstackCOMRAM 00001A
lcd_4bit_intialize@l_data_pins_counter         cstackBANK0  000069
lcd_4bit_intialize@lcd                         cstackBANK0  000065
lcd_4bit_intialize@ret                         cstackBANK0  00006A
lcd_4bit_send_char_data@data                   cstackBANK0  000062
lcd_4bit_send_char_data@l_counter              cstackBANK0  000063
lcd_4bit_send_char_data@lcd                    cstackBANK0  000060
lcd_4bit_send_char_data@ret                    cstackBANK0  000064
lcd_4bit_send_command@command                  cstackBANK0  000062
lcd_4bit_send_command@l_counter                cstackBANK0  000063
lcd_4bit_send_command@lcd                      cstackBANK0  000060
lcd_4bit_send_command@ret                      cstackBANK0  000064
lcd_4bit_send_string@lcd                       cstackBANK0  000065
lcd_4bit_send_string@str                       cstackBANK0  000067
memset@c                                       cstackCOMRAM 00001C
memset@dest                                    cstackCOMRAM 00001A
memset@k                                       cstackCOMRAM 000022
memset@n                                       cstackCOMRAM 00001E
memset@s                                       cstackCOMRAM 000024
otoa@d                                         cstackBANK0  00006C
otoa@fp                                        cstackBANK0  00006A
otoa@i                                         cstackBANK0  000079
otoa@p                                         cstackBANK0  000074
otoa@t                                         cstackBANK0  000076
otoa@w                                         cstackBANK0  000077
pad@buf                                        cstackBANK0  000062
pad@fp                                         cstackBANK0  000060
pad@i                                          cstackBANK0  000066
pad@p                                          cstackBANK0  000064
pad@w                                          cstackBANK0  000068
rd1RegCompleteHandler@ptr                      cstackCOMRAM 00000A
rd2RegCompleteHandler@ptr                      cstackCOMRAM 00000A
rdBlkRegCompleteHandler@ptr                    cstackCOMRAM 00000A
read_prec_or_width@ap                          cstackCOMRAM 000022
read_prec_or_width@c                           cstackCOMRAM 000027
read_prec_or_width@fmt                         cstackCOMRAM 000020
read_prec_or_width@n                           cstackCOMRAM 000028
send_4bit_data@data                            cstackCOMRAM 000026
send_4bit_data@l_counter                       cstackCOMRAM 00002C
send_4bit_data@lcd                             cstackCOMRAM 000024
send_4bit_data@ret                             cstackCOMRAM 00002B
send_4bit_enable_signal@lcd                    cstackCOMRAM 000024
send_4bit_enable_signal@ret                    cstackCOMRAM 000026
sprintf@ap                                     cstackBANK1  00012C
sprintf@f                                      cstackBANK1  00012E
sprintf@fmt                                    cstackBANK0  0000A0
sprintf@s                                      cstackBANK0  00009E
stackhi                                        (abs)        000000
stacklo                                        (abs)        000000
start                                          init         0000B6
start_initialization                           cinit        002FC0
strlen@a                                       cstackCOMRAM 00001C
strlen@s                                       cstackCOMRAM 00001A
toupper@c                                      cstackCOMRAM 00001E
ttemp5                                         temp         000047
ttemp6                                         temp         00004A
ttemp7                                         temp         00004E
utoa@d                                         cstackBANK0  00006C
utoa@fp                                        cstackBANK0  00006A
utoa@i                                         cstackBANK0  000074
utoa@p                                         cstackBANK0  000070
utoa@w                                         cstackBANK0  000072
vfpfcnvrt@ap                                   cstackBANK0  000083
vfpfcnvrt@c                                    cstackBANK0  00008F
vfpfcnvrt@convarg                              cstackBANK0  000090
vfpfcnvrt@cp                                   cstackBANK0  000094
vfpfcnvrt@done                                 cstackBANK0  00008D
vfpfcnvrt@fmt                                  cstackBANK0  000081
vfpfcnvrt@fp                                   cstackBANK0  00007F
vfprintf@ap                                    cstackBANK0  00009C
vfprintf@cfmt                                  cstackCOMRAM 00002B
vfprintf@fmt                                   cstackBANK0  000099
vfprintf@fp                                    cstackBANK0  000097
wr1RegCompleteHandler@ptr                      cstackCOMRAM 00000A
wr2RegCompleteHandler@ptr                      cstackCOMRAM 00000A
wtemp8                                         temp         000047
xtoa@c                                         cstackBANK0  00007E
xtoa@d                                         cstackBANK0  00006C
xtoa@d_nonzero                                 cstackBANK0  000079
xtoa@fp                                        cstackBANK0  00006A
xtoa@i                                         cstackBANK0  00007C
xtoa@p                                         cstackBANK0  000077
xtoa@w                                         cstackBANK0  00007A
xtoa@x                                         cstackBANK0  000070


MODULE INFORMATION

Module		Function		Class		Link	Load	Size
C:\Program Files\Microchip\xc8\v2.41\pic\sources\c99\common\toupper.c
		_toupper       		CODE           	396E	0000	56

C:\Program Files\Microchip\xc8\v2.41\pic\sources\c99\common\toupper.c estimated size: 56

C:\Program Files\Microchip\xc8\v2.41\pic\sources\c99\common\isalpha.c
		_isalpha       		CODE           	39A6	0000	56

C:\Program Files\Microchip\xc8\v2.41\pic\sources\c99\common\isalpha.c estimated size: 56

C:\Program Files\Microchip\xc8\v2.41\pic\sources\c99\common\llmod.c
		___llmod       		CODE           	30D8	0000	136

C:\Program Files\Microchip\xc8\v2.41\pic\sources\c99\common\llmod.c estimated size: 136

C:\Program Files\Microchip\xc8\v2.41\pic\sources\c99\common\almod.c
		___almod       		CODE           	29AC	0000	236

C:\Program Files\Microchip\xc8\v2.41\pic\sources\c99\common\almod.c estimated size: 236

Modules/Temprature_Sensor/Temp_Sensor.c
		_Read_Temprature		CODE           	3D0A	0000	14

Modules/Temprature_Sensor/Temp_Sensor.c estimated size: 14

C:\Program Files\Microchip\xc8\v2.41\pic\sources\c99\common\__lldiv.c
		___lldiv       		CODE           	2E7E	0000	164

C:\Program Files\Microchip\xc8\v2.41\pic\sources\c99\common\__lldiv.c estimated size: 164

mcc_generated_files/interrupt_manager.c
		_INTERRUPT_Initialize		CODE           	3D94	0000	8
		_INTERRUPT_InterruptManagerHigh		CODE           	0008	0000	174

mcc_generated_files/interrupt_manager.c estimated size: 182

C:\Program Files\Microchip\xc8\v2.41\pic\sources\c99\common\strlen.c
		_strlen        		CODE           	39DE	0000	54

C:\Program Files\Microchip\xc8\v2.41\pic\sources\c99\common\strlen.c estimated size: 54

C:\Program Files\Microchip\xc8\v2.41\pic\sources\c99\common\nf_fputc.c
		_fputc         		CODE           	2B82	0000	202

C:\Program Files\Microchip\xc8\v2.41\pic\sources\c99\common\nf_fputc.c estimated size: 202

mcc_generated_files/examples/i2c_master_example.c
		_wr1RegCompleteHandler		CODE           	3AF8	0000	44
		_wr2RegCompleteHandler		CODE           	3B7C	0000	44
		_I2C_Write1ByteRegister		CODE           	353C	0000	110
		_I2C_Read1ByteRegister		CODE           	3458	0000	116
		_rdBlkRegCompleteHandler		CODE           	38B6	0000	64
		_rd1RegCompleteHandler		CODE           	3B50	0000	44
		_rd2RegCompleteHandler		CODE           	3B24	0000	44

mcc_generated_files/examples/i2c_master_example.c estimated size: 466

C:\Program Files\Microchip\xc8\v2.41\pic\sources\c99\common\memset.c
		_memset        		CODE           	20BC	0000	374

C:\Program Files\Microchip\xc8\v2.41\pic\sources\c99\common\memset.c estimated size: 374

C:\Program Files\Microchip\xc8\v2.41\pic\sources\c99\common\nf_sprintf.c
		_sprintf       		CODE           	36E0	0000	92

C:\Program Files\Microchip\xc8\v2.41\pic\sources\c99\common\nf_sprintf.c estimated size: 92

mcc_generated_files/pin_manager.c
		_PIN_MANAGER_Initialize		CODE           	3A14	0000	48

mcc_generated_files/pin_manager.c estimated size: 48

C:\Program Files\Microchip\xc8\v2.41\pic\sources\c99\common\aldiv.c
		___aldiv       		CODE           	27A4	0000	268

C:\Program Files\Microchip\xc8\v2.41\pic\sources\c99\common\aldiv.c estimated size: 268

C:\Program Files\Microchip\xc8\v2.41\pic\sources\c99\common\abs.c
		_abs           		CODE           	3836	0000	64

C:\Program Files\Microchip\xc8\v2.41\pic\sources\c99\common\abs.c estimated size: 64

C:\Program Files\Microchip\xc8\v2.41\pic\sources\c99\common\doprnt.c
		_read_prec_or_width		CODE           	2A98	0000	234
		_vfpfcnvrt     		CODE           	105E	0000	2138
		_pad           		CODE           	2C4C	0000	200
		_dtoa          		CODE           	1B36	0000	568
		_vfprintf      		CODE           	35AA	0000	106
		_otoa          		CODE           	1F1E	0000	414
		_utoa          		CODE           	2232	0000	356
		_xtoa          		CODE           	18B8	0000	638

C:\Program Files\Microchip\xc8\v2.41\pic\sources\c99\common\doprnt.c estimated size: 4654

MCAL/hal_gpio.c
		_gpio_pin_write_logic		CODE           	265A	0000	330
		_gpio_pin_direction_initialize		CODE           	24F8	0000	354
		_gpio_pin_initialize		CODE           	304E	0000	138

MCAL/hal_gpio.c estimated size: 822

Modules/EEPROM/EEPROM.c
		_EEPROM_Read_1Byte		CODE           	3D18	0000	14
		_EEPROM_Write_1Byte		CODE           	3CE8	0000	18

Modules/EEPROM/EEPROM.c estimated size: 32

Modules/RTC/RTC.c
		_Print_RTC_Date_Time		CODE           	1D6E	0000	432
		_Set_RTC_Date_Time		CODE           	373C	0000	92

Modules/RTC/RTC.c estimated size: 524

shared
		i2_I2C_SetBuffer		CODE           	3BF2	0000	36
		__initialization		CODE           	2FC0	0000	132
		i2_I2C_SetCallback		CODE           	33E2	0000	118
		i2_I2C_SetDataCompleteCallback		CODE           	3C68	0000	24
		i2_I2C_MasterClearIrq		CODE           	3E10	0000	4
		_i2c_fsmStateTable		SMALLCONST     	1001	0000	32

shared estimated size: 346

mcc_generated_files/mcc.c
		_OSCILLATOR_Initialize		CODE           	3D62	0000	10
		_SYSTEM_Initialize		CODE           	3C80	0000	22

mcc_generated_files/mcc.c estimated size: 32

C:\Program Files\Microchip\xc8\v2.41\pic\sources\c99\common\isupper.c
		_isupper       		CODE           	3AA0	0000	44

C:\Program Files\Microchip\xc8\v2.41\pic\sources\c99\common\isupper.c estimated size: 44

Modules/UART_Logging_Print/UART_Log.c
		_EUART_Send_String		CODE           	3934	0000	58

Modules/UART_Logging_Print/UART_Log.c estimated size: 58

C:\Program Files\Microchip\xc8\v2.41\pic\sources\c99\common\Umul16.c
		___wmul        		CODE           	3BA8	0000	38

C:\Program Files\Microchip\xc8\v2.41\pic\sources\c99\common\Umul16.c estimated size: 38

C:\Program Files\Microchip\xc8\v2.41\pic\sources\c99\common\putch.c
		_putch         		CODE           	3E30	0000	2

C:\Program Files\Microchip\xc8\v2.41\pic\sources\c99\common\putch.c estimated size: 2

Modules/chr_LCD/ecu_chr_lcd.c
		_send_4bit_enable_signal		CODE           	3A44	0000	48
		_lcd_4bit_send_command		CODE           	31E6	0000	134
		_lcd_4bit_send_char_data		CODE           	3160	0000	134
		_lcd_4bit_intialize		CODE           	2396	0000	354
		_send_4bit_data		CODE           	3798	0000	90
		_convert_byte_to_string		CODE           	3614	0000	102
		_lcd_4bit_send_string		CODE           	326C	0000	132

Modules/chr_LCD/ecu_chr_lcd.c estimated size: 994

C:\Program Files\Microchip\xc8\v2.41\pic\sources\c99\common\nf_fputs.c
		_fputs         		CODE           	37F2	0000	68

C:\Program Files\Microchip\xc8\v2.41\pic\sources\c99\common\nf_fputs.c estimated size: 68

mcc_generated_files/i2c_master.c
		_I2C_Close     		CODE           	3ACC	0000	44
		_I2C_MasterStartRx		CODE           	3E1C	0000	4
		_I2C_DO_SEND_ADR_WRITE		CODE           	3D26	0000	14
		_I2C_DO_SEND_STOP		CODE           	3DBC	0000	8
		_I2C_MasterSendNack		CODE           	3DF6	0000	6
		_I2C_MasterDisableIrq		CODE           	3E04	0000	4
		_I2C_CallbackReturnStop		CODE           	3E24	0000	4
		_I2C_MasterOperation		CODE           	3876	0000	64
		_I2C_DO_SEND_ADR_READ		CODE           	3CFA	0000	16
		_I2C_DO_RX_NACK_STOP		CODE           	3DAC	0000	8
		_I2C_DO_SEND_RESTART		CODE           	3DC4	0000	8
		_I2C_DO_RX     		CODE           	2DD8	0000	166
		_I2C_DO_TX     		CODE           	2D14	0000	196
		_I2C_DO_IDLE   		CODE           	3D4C	0000	12
		_I2C_DO_RCEN   		CODE           	3D40	0000	12
		_I2C_DO_RESET  		CODE           	3D34	0000	12
		_I2C_MasterClose		CODE           	3E08	0000	4
		_I2C_MasterWrite		CODE           	3D9C	0000	8
		_I2C_DO_RX_ACK 		CODE           	3DB4	0000	8
		_I2C_MasterStart		CODE           	3E00	0000	4
		_I2C_MasterClearIrq		CODE           	3E0C	0000	4
		_I2C_MasterGetRxData		CODE           	3E18	0000	4
		_I2C_SetCallback		CODE           	336C	0000	118
		_I2C_DO_ADDRESS_NACK		CODE           	367A	0000	102
		_I2C_MasterEnableRestart		CODE           	3E2C	0000	4
		_I2C_CallbackReturnReset		CODE           	3E20	0000	4
		_I2C_Open      		CODE           	2F22	0000	158
		_I2C_SetAddressNackCallback		CODE           	3C50	0000	24
		_I2C_DO_TX_EMPTY		CODE           	32F0	0000	124
		_I2C_DO_SEND_RESTART_WRITE		CODE           	3DCC	0000	8
		_I2C_MasterIsNack		CODE           	3CD4	0000	20
		_I2C_SetDataCompleteCallback		CODE           	3C38	0000	24
		_I2C_DO_RX_NACK_RESTART		CODE           	3DA4	0000	8
		_I2C_MasterSendAck		CODE           	3DF0	0000	6
		_I2C_MasterFsm 		CODE           	34CC	0000	112
		_I2C_MasterIsr 		CODE           	3DEA	0000	6
		_I2C_MasterSetIrq		CODE           	3E14	0000	4
		_I2C_DO_SEND_RESTART_READ		CODE           	3DD4	0000	8
		_I2C_MasterEnableIrq		CODE           	3DFC	0000	4
		_I2C_Initialize		CODE           	3CC0	0000	20
		_I2C_SetBuffer 		CODE           	3BCE	0000	36
		_I2C_SetInterruptHandler		CODE           	3D8A	0000	10
		_I2C_MasterOpen		CODE           	3C16	0000	34
		_I2C_MasterSendTxData		CODE           	3DDC	0000	8
		_I2C_MasterStop		CODE           	3E28	0000	4

mcc_generated_files/i2c_master.c estimated size: 1456

mcc_generated_files/eusart.c
		_EUSART_Write  		CODE           	3C96	0000	22
		_EUSART_Initialize		CODE           	38F6	0000	62
		_EUSART_SetFramingErrorHandler		CODE           	3D76	0000	10
		_EUSART_SetErrorHandler		CODE           	3D80	0000	10
		_EUSART_SetOverrunErrorHandler		CODE           	3D6C	0000	10

mcc_generated_files/eusart.c estimated size: 114

C:\Program Files\Microchip\xc8\v2.41\pic\sources\c99\common\islower.c
		_islower       		CODE           	3A74	0000	44

C:\Program Files\Microchip\xc8\v2.41\pic\sources\c99\common\islower.c estimated size: 44

main.c
		_main          		CODE           	28B0	0000	252

main.c estimated size: 252

