Microchip MPLAB XC8 Compiler V2.41

Linker command line:

-W-3 \
  --edf=C:/Program Files/Microchip/MPLABX/v6.15/packs/Microchip/PIC18F-K_DFP/1.11.281/xc8\pic\dat\20230721151103_en.msgs \
  -cn -h+dist/default/debug\SmartHome_M.X.debug.sym \
  --cmf=dist/default/debug\SmartHome_M.X.debug.cmf -z -Q18F46K20 \
  -oC:\Users\fathy\AppData\Local\Temp\xcAs5ic.\driver_tmp_3.o \
  --defsym=__MPLAB_BUILD=1 --fixupoverflow=error \
  -Mdist/default/debug/SmartHome_M.X.debug.map \
  --md=C:\Users\fathy\AppData\Local\Temp\xcAs5ic.\driver_tmp_0.dat -E1 \
  -ver=XC8 Compiler --acfsm=1493 -ACODE=00h-0FFFFh -ACONST=00h-0FFFFh \
  -ASMALLCONST=01000h-010FFhx240 -AMEDIUMCONST=01000h-0FFFFh \
  -ACOMRAM=01h-05Fh -AABS1=00h-0F5Fh -ABIGRAM=01h-0F5Fh \
  -ARAM=060h-0FFh,0100h-01FFhx14,0F00h-0F5Fh -ABANK0=060h-0FFh \
  -ABANK1=0100h-01FFh -ABANK2=0200h-02FFh -ABANK3=0300h-03FFh \
  -ABANK4=0400h-04FFh -ABANK5=0500h-05FFh -ABANK6=0600h-06FFh \
  -ABANK7=0700h-07FFh -ABANK8=0800h-08FFh -ABANK9=0900h-09FFh \
  -ABANK10=0A00h-0AFFh -ABANK11=0B00h-0BFFh -ABANK12=0C00h-0CFFh \
  -ABANK13=0D00h-0DFFh -ABANK14=0E00h-0EFFh -ABANK15=0F00h-0F5Fh \
  -ASFR=0F60h-0FFFh -ABIGSFR=0F60h-0FFFh -ACONFIG=0300000h-030000Dh \
  -AIDLOC=0200000h-0200007h -AEEDATA=0F00000h-0F003FFh -peeprom_data=EEDATA \
  -preset_vec=00h,intcode=08h,intcodelo,powerup,init -pramtop=01000h \
  -psmallconst=SMALLCONST -pmediumconst=MEDIUMCONST -pconst=CONST \
  -AFARRAM=00h-00h \
  -prdata=COMRAM,nvrram=COMRAM,nvbit=COMRAM,rbss=COMRAM,rbit=COMRAM \
  -pfarbss=FARRAM,fardata=FARRAM,nvFARRAM=FARRAM \
  -pintsave_regs=BIGRAM,bigbss=BIGRAM,bigdata=BIGRAM -pbss=RAM \
  -pidata=CODE,irdata=CODE,ibigdata=CODE,ifardata=CODE -prparam=COMRAM \
  C:\Users\fathy\AppData\Local\Temp\xcAs5ic.\driver_tmp_9.o \
  dist/default/debug\SmartHome_M.X.debug.o 

Object code version is 3.11

Machine type is 18F46K20



                Name                               Link     Load   Length Selector   Space Scale
C:\Users\fathy\AppData\Local\Temp\xcAs5ic.\driver_tmp_9.o
                config                           300000   300000        E        0       4
                init                                 B6       B6        4        4       0
                reset_vec                             0        0        4        0       0
dist/default/debug\SmartHome_M.X.debug.o
                intcode                               8        8       AE        4       0
                config                           300000   300000        E        0       4
                temp                                 46       46        1        1       1
                smallconst                         1000     1000       5E      800       0
                text83                             2536     2536        4      82F       0
                text82                             2532     2532        4      82F       0
                text81                             22FC     22FC       24      82F       0
                text80                             1D00     1D00       76      82F       0
                text79                             2372     2372       18      82F       0
                text78                             22AC     22AC       2C      82F       0
                text77                             2280     2280       2C      82F       0
                text76                             2254     2254       2C      82F       0
                text75                             2228     2228       2C      82F       0
                text74                             20E4     20E4       40      82F       0
                text73                             252E     252E        4      82F       0
                text72                             252A     252A        4      82F       0
                text71                             2526     2526        4      82F       0
                text70                             2500     2500        6      82F       0
                text69                             2522     2522        4      82F       0
                text68                             24FA     24FA        6      82F       0
                text67                             24EC     24EC        8      82F       0
                text66                             23DE     23DE       14      82F       0
                text65                             251E     251E        4      82F       0
                text64                             1C0E     1C0E       7C      82F       0
                text63                             2466     2466        C      82F       0
                text62                             2414     2414       10      82F       0
                text61                             2440     2440        E      82F       0
                text60                             17C0     17C0       C4      82F       0
                text59                             1934     1934       A6      82F       0
                text58                             245A     245A        C      82F       0
                text57                             24E4     24E4        8      82F       0
                text56                             24DC     24DC        8      82F       0
                text55                             24D4     24D4        8      82F       0
                text54                             24CC     24CC        8      82F       0
                text53                             24C4     24C4        8      82F       0
                text52                             24BC     24BC        8      82F       0
                text51                             24B4     24B4        8      82F       0
                text50                             244E     244E        C      82F       0
                text49                             1EC8     1EC8       66      82F       0
                text48                             251A     251A        4      82F       0
                text47                             1DEA     1DEA       70      82F       0
                text46                             24F4     24F4        6      82F       0
                text44                             2516     2516        4      82F       0
                text43                             2512     2512        4      82F       0
                text42                             250E     250E        4      82F       0
                text41                             21FC     21FC       2C      82F       0
                text40                             250A     250A        4      82F       0
                text39                             20A4     20A4       40      82F       0
                text38                             24AC     24AC        8      82F       0
                text37                             2506     2506        4      82F       0
                text36                             2320     2320       22      82F       0
                text35                             249A     249A        A      82F       0
                text34                             19DA     19DA       9E      82F       0
                text33                             1C8A     1C8A       76      82F       0
                text32                             235A     235A       18      82F       0
                text31                             22D8     22D8       24      82F       0
                text30                             2342     2342       18      82F       0
                text29                             1D76     1D76       74      82F       0
                text28                             2432     2432        E      82F       0
                text27                             1E5A     1E5A       6E      82F       0
                text26                             23F2     23F2       12      82F       0
                text25                             23A0     23A0       16      82F       0
                text24                             2162     2162       3A      82F       0
                text23                             149A     149A      14A      82F       0
                text22                             1F90     1F90       5E      82F       0
                text21                             21CC     21CC       30      82F       0
                text20                             1B88     1B88       86      82F       0
                text19                             204A     204A       5A      82F       0
                text18                             105E     105E      178      82F       0
                text17                             2424     2424        E      82F       0
                text16                             2490     2490        A      82F       0
                text15                             2486     2486        A      82F       0
                text14                             247C     247C        A      82F       0
                text13                             2124     2124       3E      82F       0
                text12                             23CA     23CA       14      82F       0
                text11                             24A4     24A4        8      82F       0
                text10                             2472     2472        A      82F       0
                text9                              219C     219C       30      82F       0
                text8                              238A     238A       16      82F       0
                text7                              1FEE     1FEE       5C      82F       0
                text6                              16FC     16FC       C4      82F       0
                text5                              1884     1884       B0      82F       0
                text4                              1338     1338      162      82F       0
                text3                              1A78     1A78       8A      82F       0
                text2                              1B02     1B02       86      82F       0
                text1                              11D6     11D6      162      82F       0
                text0                              15E4     15E4      118      82F       0
                cstackCOMRAM                          1        1       28        1       1
                cstackBANK0                          A4       A4       19       60       1
                dataBANK0                            BD       BD       14       60       1
                bssBANK0                             60       60       44       60       1
                dataCOMRAM                           29       29       10        1       1
                bssCOMRAM                            39       39        D        1       1
                cinit                              1F2E     1F2E       62      82F       0
                nvBANK0                              D1       D1        6       60       1
                idataBANK0                         23B6     23B6       14      82F       0
                idataCOMRAM                        2404     2404       10      82F       0

TOTAL           Name                               Link     Load   Length     Space
        CLASS   CODE           
                intcode                               8        8       AE         0
                init                                 B6       B6        4         0
                reset_vec                             0        0        4         0
                text83                             2536     2536        4         0
                text82                             2532     2532        4         0
                text81                             22FC     22FC       24         0
                text80                             1D00     1D00       76         0
                text79                             2372     2372       18         0
                text78                             22AC     22AC       2C         0
                text77                             2280     2280       2C         0
                text76                             2254     2254       2C         0
                text75                             2228     2228       2C         0
                text74                             20E4     20E4       40         0
                text73                             252E     252E        4         0
                text72                             252A     252A        4         0
                text71                             2526     2526        4         0
                text70                             2500     2500        6         0
                text69                             2522     2522        4         0
                text68                             24FA     24FA        6         0
                text67                             24EC     24EC        8         0
                text66                             23DE     23DE       14         0
                text65                             251E     251E        4         0
                text64                             1C0E     1C0E       7C         0
                text63                             2466     2466        C         0
                text62                             2414     2414       10         0
                text61                             2440     2440        E         0
                text60                             17C0     17C0       C4         0
                text59                             1934     1934       A6         0
                text58                             245A     245A        C         0
                text57                             24E4     24E4        8         0
                text56                             24DC     24DC        8         0
                text55                             24D4     24D4        8         0
                text54                             24CC     24CC        8         0
                text53                             24C4     24C4        8         0
                text52                             24BC     24BC        8         0
                text51                             24B4     24B4        8         0
                text50                             244E     244E        C         0
                text49                             1EC8     1EC8       66         0
                text48                             251A     251A        4         0
                text47                             1DEA     1DEA       70         0
                text46                             24F4     24F4        6         0
                text44                             2516     2516        4         0
                text43                             2512     2512        4         0
                text42                             250E     250E        4         0
                text41                             21FC     21FC       2C         0
                text40                             250A     250A        4         0
                text39                             20A4     20A4       40         0
                text38                             24AC     24AC        8         0
                text37                             2506     2506        4         0
                text36                             2320     2320       22         0
                text35                             249A     249A        A         0
                text34                             19DA     19DA       9E         0
                text33                             1C8A     1C8A       76         0
                text32                             235A     235A       18         0
                text31                             22D8     22D8       24         0
                text30                             2342     2342       18         0
                text29                             1D76     1D76       74         0
                text28                             2432     2432        E         0
                text27                             1E5A     1E5A       6E         0
                text26                             23F2     23F2       12         0
                text25                             23A0     23A0       16         0
                text24                             2162     2162       3A         0
                text23                             149A     149A      14A         0
                text22                             1F90     1F90       5E         0
                text21                             21CC     21CC       30         0
                text20                             1B88     1B88       86         0
                text19                             204A     204A       5A         0
                text18                             105E     105E      178         0
                text17                             2424     2424        E         0
                text16                             2490     2490        A         0
                text15                             2486     2486        A         0
                text14                             247C     247C        A         0
                text13                             2124     2124       3E         0
                text12                             23CA     23CA       14         0
                text11                             24A4     24A4        8         0
                text10                             2472     2472        A         0
                text9                              219C     219C       30         0
                text8                              238A     238A       16         0
                text7                              1FEE     1FEE       5C         0
                text6                              16FC     16FC       C4         0
                text5                              1884     1884       B0         0
                text4                              1338     1338      162         0
                text3                              1A78     1A78       8A         0
                text2                              1B02     1B02       86         0
                text1                              11D6     11D6      162         0
                text0                              15E4     15E4      118         0
                cinit                              1F2E     1F2E       62         0
                idataBANK0                         23B6     23B6       14         0
                idataCOMRAM                        2404     2404       10         0

        CLASS   CONST          

        CLASS   SMALLCONST     
                smallconst                         1000     1000       5E         0

        CLASS   MEDIUMCONST    

        CLASS   COMRAM         
                temp                                 46       46        1         1
                cstackCOMRAM                          1        1       28         1
                dataCOMRAM                           29       29       10         1
                bssCOMRAM                            39       39        D         1

        CLASS   ABS1           

        CLASS   BIGRAM         

        CLASS   RAM            

        CLASS   BANK0          
                cstackBANK0                          A4       A4       19         1
                dataBANK0                            BD       BD       14         1
                bssBANK0                             60       60       44         1
                nvBANK0                              D1       D1        6         1

        CLASS   BANK1          

        CLASS   BANK2          

        CLASS   BANK3          

        CLASS   BANK4          

        CLASS   BANK5          

        CLASS   BANK6          

        CLASS   BANK7          

        CLASS   BANK8          

        CLASS   BANK9          

        CLASS   BANK10         

        CLASS   BANK11         

        CLASS   BANK12         

        CLASS   BANK13         

        CLASS   BANK14         

        CLASS   BANK15         

        CLASS   SFR            

        CLASS   BIGSFR         

        CLASS   CONFIG         
                config                           300000   300000        E         4

        CLASS   IDLOC          

        CLASS   EEDATA         

        CLASS   FARRAM         

        CLASS   HEAP           

        CLASS   STACK          



SEGMENTS        Name                           Load    Length   Top    Selector   Space  Class

                reset_vec                      000000  000004  000004         0       0  CODE    
                cstackCOMRAM                   000001  000046  000047         1       1  COMRAM  
                intcode                        000008  0000B2  0000BA         4       0  CODE    
                bssBANK0                       000060  000077  0000D7        60       1  BANK0   
                smallconst                     001000  00005E  00105E       800       0  SMALLCON
                text18                         00105E  0014DC  00253A       82F       0  CODE    


UNUSED ADDRESS RANGES

        Name                Unused          Largest block    Delta
        BANK0            0000D7-0000FF               29
        BANK1            000100-0001FF              100
        BANK10           000A00-000AFF              100
        BANK11           000B00-000BFF              100
        BANK12           000C00-000CFF              100
        BANK13           000D00-000DFF              100
        BANK14           000E00-000EFF              100
        BANK15           000F00-000F5F               60
        BANK2            000200-0002FF              100
        BANK3            000300-0003FF              100
        BANK4            000400-0004FF              100
        BANK5            000500-0005FF              100
        BANK6            000600-0006FF              100
        BANK7            000700-0007FF              100
        BANK8            000800-0008FF              100
        BANK9            000900-0009FF              100
        BIGRAM           000047-00005F               19
                         0000D7-000F5F              E89
        BIGSFR           000F60-000FFF               A0
        CODE             000004-000007                4
                         0000BA-000FFF              F46
                         00253A-00FFFF             DAC6
        COMRAM           000047-00005F               19
        CONST            000004-000007                4
                         0000BA-000FFF              F46
                         00253A-00FFFF             DAC6
        EEDATA           F00000-F003FF              400
        IDLOC            200000-200007                8
        MEDIUMCONST      00253A-00FFFF             DAC6
        RAM              0000D7-000F5F              100
        SFR              000F60-000FFF               A0
        SMALLCONST       00253A-00FFFF              100

                                  Symbol Table

?_Set_RTC_Date_Time                            cstackBANK0  0000A4
?___awdiv                                      cstackCOMRAM 00001A
?___awmod                                      cstackCOMRAM 00001A
EEPROM_Read_1Byte@address                      cstackCOMRAM 000027
EEPROM_Read_1Byte@reg                          cstackCOMRAM 000026
EEPROM_Write_1Byte@address                     cstackCOMRAM 000028
EEPROM_Write_1Byte@data                        cstackCOMRAM 000027
EEPROM_Write_1Byte@reg                         cstackCOMRAM 000026
EUART_Send_String@text                         cstackCOMRAM 00001B
EUSART_SetErrorHandler@interruptHandler        cstackCOMRAM 00001A
EUSART_SetFramingErrorHandler@interruptHandler cstackCOMRAM 00001A
EUSART_SetOverrunErrorHandler@interruptHandler cstackCOMRAM 00001A
EUSART_Write@txData                            cstackCOMRAM 00001A
I2C_CallbackReturnReset@funPtr                 cstackCOMRAM 00000A
I2C_Close@returnValue                          cstackCOMRAM 00001A
I2C_MasterOperation@read                       cstackCOMRAM 00001A
I2C_MasterOperation@returnValue                cstackCOMRAM 00001B
I2C_MasterSendTxData@data                      cstackCOMRAM 000001
I2C_Open@address                               cstackCOMRAM 00001C
I2C_Open@returnValue                           cstackCOMRAM 00001D
I2C_Read1ByteRegister@address                  cstackCOMRAM 000024
I2C_Read1ByteRegister@reg                      cstackCOMRAM 000023
I2C_Read1ByteRegister@returnValue              cstackCOMRAM 000025
I2C_SetAddressNackCallback@cb                  cstackCOMRAM 00001F
I2C_SetAddressNackCallback@ptr                 cstackCOMRAM 000021
I2C_SetBuffer@buffer                           cstackCOMRAM 00001A
I2C_SetBuffer@bufferSize                       cstackCOMRAM 00001C
I2C_SetCallback@cb                             cstackCOMRAM 00001A
I2C_SetCallback@idx                            cstackCOMRAM 00001E
I2C_SetCallback@ptr                            cstackCOMRAM 00001C
I2C_SetDataCompleteCallback@cb                 cstackCOMRAM 00001F
I2C_SetDataCompleteCallback@ptr                cstackCOMRAM 000021
I2C_SetInterruptHandler@InterruptHandler       cstackCOMRAM 00001A
I2C_Write1ByteRegister@address                 cstackCOMRAM 000025
I2C_Write1ByteRegister@data                    cstackCOMRAM 000024
I2C_Write1ByteRegister@reg                     cstackCOMRAM 000023
Print_RTC_Date_Time@i                          cstackBANK0  0000B7
Print_RTC_Date_Time@i_2230                     cstackBANK0  0000B9
Print_RTC_Date_Time@rtc_obj                    cstackBANK0  0000B1
Read_Temprature@address                        cstackCOMRAM 000026
_ANSEL                                         (abs)        000F7E
_ANSELH                                        (abs)        000F7F
_BAUDCON                                       (abs)        000FB8
_EEADR                                         (abs)        000FA9
_EEADRH                                        (abs)        000FAA
_EECON1bits                                    (abs)        000FA6
_EECON2                                        (abs)        000FA7
_EEDATA                                        (abs)        000FA8
_EEPROM_Read_1Byte                             text28       002432
_EEPROM_Write_1Byte                            text26       0023F2
_EUART_Send_String                             text24       002162
_EUSART_DefaultErrorHandler                    (abs)        000000
_EUSART_DefaultFramingErrorHandler             (abs)        000000
_EUSART_DefaultOverrunErrorHandler             (abs)        000000
_EUSART_ErrorHandler                           nvBANK0      0000D1
_EUSART_FramingErrorHandler                    nvBANK0      0000D5
_EUSART_Initialize                             text13       002124
_EUSART_OverrunErrorHandler                    nvBANK0      0000D3
_EUSART_SetErrorHandler                        text16       002490
_EUSART_SetFramingErrorHandler                 text15       002486
_EUSART_SetOverrunErrorHandler                 text14       00247C
_EUSART_Write                                  text25       0023A0
_I2C_CallbackReturnReset                       text72       00252A
_I2C_CallbackReturnStop                        text73       00252E
_I2C_Close                                     text41       0021FC
_I2C_DO_ADDRESS_NACK                           text49       001EC8
_I2C_DO_IDLE                                   text63       002466
_I2C_DO_RCEN                                   text58       00245A
_I2C_DO_RESET                                  text50       00244E
_I2C_DO_RX                                     text59       001934
_I2C_DO_RX_ACK                                 text53       0024C4
_I2C_DO_RX_NACK_RESTART                        text51       0024B4
_I2C_DO_RX_NACK_STOP                           text52       0024BC
_I2C_DO_SEND_ADR_READ                          text62       002414
_I2C_DO_SEND_ADR_WRITE                         text61       002440
_I2C_DO_SEND_RESTART                           text55       0024D4
_I2C_DO_SEND_RESTART_READ                      text57       0024E4
_I2C_DO_SEND_RESTART_WRITE                     text56       0024DC
_I2C_DO_SEND_STOP                              text54       0024CC
_I2C_DO_TX                                     text60       0017C0
_I2C_DO_TX_EMPTY                               text64       001C0E
_I2C_Initialize                                text12       0023CA
_I2C_MasterClearIrq                            text44       002516
_I2C_MasterClose                               text43       002512
_I2C_MasterDisableIrq                          text42       00250E
_I2C_MasterEnableIrq                           text37       002506
_I2C_MasterEnableRestart                       text83       002536
_I2C_MasterFsm                                 text47       001DEA
_I2C_MasterGetRxData                           text69       002522
_I2C_MasterIsNack                              text66       0023DE
_I2C_MasterIsr                                 text46       0024F4
_I2C_MasterOpen                                text36       002320
_I2C_MasterOperation                           text39       0020A4
_I2C_MasterSendAck                             text68       0024FA
_I2C_MasterSendNack                            text70       002500
_I2C_MasterSendTxData                          text67       0024EC
_I2C_MasterSetIrq                              text65       00251E
_I2C_MasterStart                               text40       00250A
_I2C_MasterStartRx                             text71       002526
_I2C_MasterStop                                text82       002532
_I2C_MasterWrite                               text38       0024AC
_I2C_Open                                      text34       0019DA
_I2C_Read1ByteRegister                         text29       001D76
_I2C_SetAddressNackCallback                    text32       00235A
_I2C_SetBuffer                                 text31       0022D8
_I2C_SetCallback                               text33       001C8A
_I2C_SetDataCompleteCallback                   text30       002342
_I2C_SetInterruptHandler                       text35       00249A
_I2C_Status                                    bssBANK0     000060
_I2C_Write1ByteRegister                        text27       001E5A
_INTCON2bits                                   (abs)        000FF1
_INTCONbits                                    (abs)        000FF2
_INTERRUPT_Initialize                          text11       0024A4
_INTERRUPT_InterruptManagerHigh                intcode      000008
_IPR1bits                                      (abs)        000F9F
_IPR2bits                                      (abs)        000FA2
_LATA                                          (abs)        000F89
_LATB                                          (abs)        000F8A
_LATC                                          (abs)        000F8B
_LATD                                          (abs)        000F8C
_LATE                                          (abs)        000F8D
_MSSP_InterruptHandler                         bssCOMRAM    000041
_OSCCON                                        (abs)        000FD3
_OSCILLATOR_Initialize                         text10       002472
_OSCTUNE                                       (abs)        000F9B
_PIE1bits                                      (abs)        000F9D
_PIE2bits                                      (abs)        000FA0
_PIN_MANAGER_Initialize                        text9        00219C
_PIR1bits                                      (abs)        000F9E
_PIR2bits                                      (abs)        000FA1
_PORTA                                         (abs)        000F80
_PORTB                                         (abs)        000F81
_PORTC                                         (abs)        000F82
_PORTD                                         (abs)        000F83
_PORTE                                         (abs)        000F84
_Print_RTC_Date_Time                           text18       00105E
_RCONbits                                      (abs)        000FD0
_RCREG                                         (abs)        000FAE
_RCSTA                                         (abs)        000FAB
_RCSTAbits                                     (abs)        000FAB
_Read_Temprature                               text17       002424
_SPBRG                                         (abs)        000FAF
_SPBRGH                                        (abs)        000FB0
_SSPADD                                        (abs)        000FC8
_SSPBUF                                        (abs)        000FC9
_SSPCON1                                       (abs)        000FC6
_SSPCON1bits                                   (abs)        000FC6
_SSPCON2                                       (abs)        000FC5
_SSPCON2bits                                   (abs)        000FC5
_SSPSTAT                                       (abs)        000FC7
_SSPSTATbits                                   (abs)        000FC7
_SYSTEM_Initialize                             text8        00238A
_Set_RTC_Date_Time                             text7        001FEE
_TABLAT                                        (abs)        000FF5
_TBLPTRH                                       (abs)        000FF7
_TBLPTRL                                       (abs)        000FF6
_TBLPTRU                                       (abs)        000FF8
_TRISA                                         (abs)        000F92
_TRISB                                         (abs)        000F93
_TRISC                                         (abs)        000F94
_TRISD                                         (abs)        000F95
_TRISE                                         (abs)        000F96
_TXREG                                         (abs)        000FAD
_TXSTA                                         (abs)        000FAC
_TXSTAbits                                     (abs)        000FAC
_WPUB                                          (abs)        000F7C
__HRAM                                         (abs)        000000
__H__absolute__                                __absolute__ 000000
__Habs1                                        abs1         000000
__Hbank0                                       bank0        000000
__Hbank1                                       bank1        000000
__Hbank10                                      bank10       000000
__Hbank11                                      bank11       000000
__Hbank12                                      bank12       000000
__Hbank13                                      bank13       000000
__Hbank14                                      bank14       000000
__Hbank15                                      bank15       000000
__Hbank2                                       bank2        000000
__Hbank3                                       bank3        000000
__Hbank4                                       bank4        000000
__Hbank5                                       bank5        000000
__Hbank6                                       bank6        000000
__Hbank7                                       bank7        000000
__Hbank8                                       bank8        000000
__Hbank9                                       bank9        000000
__Hbigbss                                      bigbss       000000
__Hbigdata                                     bigdata      000000
__Hbigram                                      bigram       000000
__Hbigsfr                                      bigsfr       000000
__Hbss                                         bss          000000
__HbssBANK0                                    bssBANK0     000000
__HbssCOMRAM                                   bssCOMRAM    000000
__Hcinit                                       cinit        000000
__Hclrtext                                     clrtext      000000
__Hcomram                                      comram       000000
__Hconfig                                      config       30000E
__Hconst                                       const        000000
__HcstackBANK0                                 cstackBANK0  000000
__HcstackCOMRAM                                cstackCOMRAM 000000
__Hdata                                        data         000000
__HdataBANK0                                   dataBANK0    000000
__HdataCOMRAM                                  dataCOMRAM   000000
__Heeprom_data                                 eeprom_data  000000
__Hfarbss                                      farbss       000000
__Hfardata                                     fardata      000000
__Hheap                                        heap         000000
__Hibigdata                                    ibigdata     000000
__Hidata                                       idata        000000
__HidataBANK0                                  idataBANK0   000000
__HidataCOMRAM                                 idataCOMRAM  000000
__Hidloc                                       idloc        000000
__Hifardata                                    ifardata     000000
__Hinit                                        init         0000BA
__Hintcode                                     intcode      0000B6
__Hintcode_body                                intcode_body 000000
__Hintcodelo                                   intcodelo    0000B6
__Hintentry                                    intentry     000000
__Hintret                                      intret       000000
__Hintsave_regs                                intsave_regs 000000
__Hirdata                                      irdata       000000
__Hmediumconst                                 mediumconst  000000
__HnvBANK0                                     nvBANK0      000000
__HnvFARRAM                                    nvFARRAM     000000
__Hnvbit                                       nvbit        000000
__Hnvrram                                      nvrram       000000
__Hparam                                       rparam       000000
__Hpowerup                                     powerup      0000B6
__Hram                                         ram          000000
__Hramtop                                      ramtop       001000
__Hrbit                                        rbit         000000
__Hrbss                                        rbss         000000
__Hrdata                                       rdata        000000
__Hreset_vec                                   reset_vec    000004
__Hrparam                                      rparam       000000
__Hsfr                                         sfr          000000
__Hsmallconst                                  smallconst   00105E
__Hspace_0                                     (abs)        00253A
__Hspace_1                                     (abs)        0000D7
__Hspace_2                                     (abs)        000000
__Hspace_4                                     (abs)        60000E
__Hstack                                       stack        000000
__Hstruct                                      struct       000000
__Htemp                                        temp         000047
__Htext                                        text         000000
__Htext0                                       text0        000000
__Htext1                                       text1        000000
__Htext10                                      text10       000000
__Htext11                                      text11       000000
__Htext12                                      text12       000000
__Htext13                                      text13       000000
__Htext14                                      text14       000000
__Htext15                                      text15       000000
__Htext16                                      text16       000000
__Htext17                                      text17       000000
__Htext18                                      text18       000000
__Htext19                                      text19       000000
__Htext2                                       text2        000000
__Htext20                                      text20       000000
__Htext21                                      text21       000000
__Htext22                                      text22       000000
__Htext23                                      text23       000000
__Htext24                                      text24       000000
__Htext25                                      text25       000000
__Htext26                                      text26       000000
__Htext27                                      text27       000000
__Htext28                                      text28       000000
__Htext29                                      text29       000000
__Htext3                                       text3        000000
__Htext30                                      text30       000000
__Htext31                                      text31       000000
__Htext32                                      text32       000000
__Htext33                                      text33       000000
__Htext34                                      text34       000000
__Htext35                                      text35       000000
__Htext36                                      text36       000000
__Htext37                                      text37       000000
__Htext38                                      text38       000000
__Htext39                                      text39       000000
__Htext4                                       text4        000000
__Htext40                                      text40       000000
__Htext41                                      text41       000000
__Htext42                                      text42       000000
__Htext43                                      text43       000000
__Htext44                                      text44       000000
__Htext46                                      text46       000000
__Htext47                                      text47       000000
__Htext48                                      text48       000000
__Htext49                                      text49       000000
__Htext5                                       text5        000000
__Htext50                                      text50       000000
__Htext51                                      text51       000000
__Htext52                                      text52       000000
__Htext53                                      text53       000000
__Htext54                                      text54       000000
__Htext55                                      text55       000000
__Htext56                                      text56       000000
__Htext57                                      text57       000000
__Htext58                                      text58       000000
__Htext59                                      text59       000000
__Htext6                                       text6        000000
__Htext60                                      text60       000000
__Htext61                                      text61       000000
__Htext62                                      text62       000000
__Htext63                                      text63       000000
__Htext64                                      text64       000000
__Htext65                                      text65       000000
__Htext66                                      text66       000000
__Htext67                                      text67       000000
__Htext68                                      text68       000000
__Htext69                                      text69       000000
__Htext7                                       text7        000000
__Htext70                                      text70       000000
__Htext71                                      text71       000000
__Htext72                                      text72       000000
__Htext73                                      text73       000000
__Htext74                                      text74       000000
__Htext75                                      text75       000000
__Htext76                                      text76       000000
__Htext77                                      text77       000000
__Htext78                                      text78       000000
__Htext79                                      text79       000000
__Htext8                                       text8        000000
__Htext80                                      text80       000000
__Htext81                                      text81       000000
__Htext82                                      text82       000000
__Htext83                                      text83       000000
__Htext84                                      text84       000000
__Htext9                                       text9        000000
__LRAM                                         (abs)        000001
__L__absolute__                                __absolute__ 000000
__Labs1                                        abs1         000000
__Lbank0                                       bank0        000000
__Lbank1                                       bank1        000000
__Lbank10                                      bank10       000000
__Lbank11                                      bank11       000000
__Lbank12                                      bank12       000000
__Lbank13                                      bank13       000000
__Lbank14                                      bank14       000000
__Lbank15                                      bank15       000000
__Lbank2                                       bank2        000000
__Lbank3                                       bank3        000000
__Lbank4                                       bank4        000000
__Lbank5                                       bank5        000000
__Lbank6                                       bank6        000000
__Lbank7                                       bank7        000000
__Lbank8                                       bank8        000000
__Lbank9                                       bank9        000000
__Lbigbss                                      bigbss       000000
__Lbigdata                                     bigdata      000000
__Lbigram                                      bigram       000000
__Lbigsfr                                      bigsfr       000000
__Lbss                                         bss          000000
__LbssBANK0                                    bssBANK0     000000
__LbssCOMRAM                                   bssCOMRAM    000000
__Lcinit                                       cinit        000000
__Lclrtext                                     clrtext      000000
__Lcomram                                      comram       000000
__Lconfig                                      config       000000
__Lconst                                       const        000000
__LcstackBANK0                                 cstackBANK0  000000
__LcstackCOMRAM                                cstackCOMRAM 000000
__Ldata                                        data         000000
__LdataBANK0                                   dataBANK0    000000
__LdataCOMRAM                                  dataCOMRAM   000000
__Leeprom_data                                 eeprom_data  000000
__Lfarbss                                      farbss       000000
__Lfardata                                     fardata      000000
__Lheap                                        heap         000000
__Libigdata                                    ibigdata     000000
__Lidata                                       idata        000000
__LidataBANK0                                  idataBANK0   000000
__LidataCOMRAM                                 idataCOMRAM  000000
__Lidloc                                       idloc        000000
__Lifardata                                    ifardata     000000
__Linit                                        init         0000B6
__Lintcode                                     intcode      000008
__Lintcode_body                                intcode_body 000000
__Lintcodelo                                   intcodelo    0000B6
__Lintentry                                    intentry     000000
__Lintret                                      intret       000000
__Lintsave_regs                                intsave_regs 000000
__Lirdata                                      irdata       000000
__Lmediumconst                                 mediumconst  000000
__LnvBANK0                                     nvBANK0      000000
__LnvFARRAM                                    nvFARRAM     000000
__Lnvbit                                       nvbit        000000
__Lnvrram                                      nvrram       000000
__Lparam                                       rparam       000000
__Lpowerup                                     powerup      0000B6
__Lram                                         ram          000000
__Lramtop                                      ramtop       001000
__Lrbit                                        rbit         000000
__Lrbss                                        rbss         000000
__Lrdata                                       rdata        000000
__Lreset_vec                                   reset_vec    000000
__Lrparam                                      rparam       000000
__Lsfr                                         sfr          000000
__Lsmallconst                                  smallconst   001000
__Lspace_0                                     (abs)        000000
__Lspace_1                                     (abs)        000000
__Lspace_2                                     (abs)        000000
__Lspace_4                                     (abs)        000000
__Lstack                                       stack        000000
__Lstruct                                      struct       000000
__Ltemp                                        temp         000046
__Ltext                                        text         000000
__Ltext0                                       text0        000000
__Ltext1                                       text1        000000
__Ltext10                                      text10       000000
__Ltext11                                      text11       000000
__Ltext12                                      text12       000000
__Ltext13                                      text13       000000
__Ltext14                                      text14       000000
__Ltext15                                      text15       000000
__Ltext16                                      text16       000000
__Ltext17                                      text17       000000
__Ltext18                                      text18       000000
__Ltext19                                      text19       000000
__Ltext2                                       text2        000000
__Ltext20                                      text20       000000
__Ltext21                                      text21       000000
__Ltext22                                      text22       000000
__Ltext23                                      text23       000000
__Ltext24                                      text24       000000
__Ltext25                                      text25       000000
__Ltext26                                      text26       000000
__Ltext27                                      text27       000000
__Ltext28                                      text28       000000
__Ltext29                                      text29       000000
__Ltext3                                       text3        000000
__Ltext30                                      text30       000000
__Ltext31                                      text31       000000
__Ltext32                                      text32       000000
__Ltext33                                      text33       000000
__Ltext34                                      text34       000000
__Ltext35                                      text35       000000
__Ltext36                                      text36       000000
__Ltext37                                      text37       000000
__Ltext38                                      text38       000000
__Ltext39                                      text39       000000
__Ltext4                                       text4        000000
__Ltext40                                      text40       000000
__Ltext41                                      text41       000000
__Ltext42                                      text42       000000
__Ltext43                                      text43       000000
__Ltext44                                      text44       000000
__Ltext46                                      text46       000000
__Ltext47                                      text47       000000
__Ltext48                                      text48       000000
__Ltext49                                      text49       000000
__Ltext5                                       text5        000000
__Ltext50                                      text50       000000
__Ltext51                                      text51       000000
__Ltext52                                      text52       000000
__Ltext53                                      text53       000000
__Ltext54                                      text54       000000
__Ltext55                                      text55       000000
__Ltext56                                      text56       000000
__Ltext57                                      text57       000000
__Ltext58                                      text58       000000
__Ltext59                                      text59       000000
__Ltext6                                       text6        000000
__Ltext60                                      text60       000000
__Ltext61                                      text61       000000
__Ltext62                                      text62       000000
__Ltext63                                      text63       000000
__Ltext64                                      text64       000000
__Ltext65                                      text65       000000
__Ltext66                                      text66       000000
__Ltext67                                      text67       000000
__Ltext68                                      text68       000000
__Ltext69                                      text69       000000
__Ltext7                                       text7        000000
__Ltext70                                      text70       000000
__Ltext71                                      text71       000000
__Ltext72                                      text72       000000
__Ltext73                                      text73       000000
__Ltext74                                      text74       000000
__Ltext75                                      text75       000000
__Ltext76                                      text76       000000
__Ltext77                                      text77       000000
__Ltext78                                      text78       000000
__Ltext79                                      text79       000000
__Ltext8                                       text8        000000
__Ltext80                                      text80       000000
__Ltext81                                      text81       000000
__Ltext82                                      text82       000000
__Ltext83                                      text83       000000
__Ltext84                                      text84       000000
__Ltext9                                       text9        000000
__S0                                           (abs)        00253A
__S1                                           (abs)        0000D7
__S4                                           (abs)        000000
__S5                                           (abs)        000000
___awdiv                                       text6        0016FC
___awdiv@counter                               cstackCOMRAM 00001E
___awdiv@dividend                              cstackCOMRAM 00001A
___awdiv@divisor                               cstackCOMRAM 00001C
___awdiv@quotient                              cstackCOMRAM 000020
___awdiv@sign                                  cstackCOMRAM 00001F
___awmod                                       text5        001884
___awmod@counter                               cstackCOMRAM 00001E
___awmod@dividend                              cstackCOMRAM 00001A
___awmod@divisor                               cstackCOMRAM 00001C
___awmod@sign                                  cstackCOMRAM 00001F
___heap_hi                                     (abs)        000000
___heap_lo                                     (abs)        000000
___inthi_sp                                    stack        000000
___intlo_sp                                    stack        000000
___param_bank                                  (abs)        000000
___rparam_used                                 (abs)        000001
___sp                                          stack        000000
__accesstop                                    (abs)        000060
__activetblptr                                 (abs)        000003
__end_of_EEPROM_Read_1Byte                     text28       002440
__end_of_EEPROM_Write_1Byte                    text26       002404
__end_of_EUART_Send_String                     text24       00219C
__end_of_EUSART_Initialize                     text13       002162
__end_of_EUSART_SetErrorHandler                text16       00249A
__end_of_EUSART_SetFramingErrorHandler         text15       002490
__end_of_EUSART_SetOverrunErrorHandler         text14       002486
__end_of_EUSART_Write                          text25       0023B6
__end_of_I2C_CallbackReturnReset               text72       00252E
__end_of_I2C_CallbackReturnStop                text73       002532
__end_of_I2C_Close                             text41       002228
__end_of_I2C_DO_ADDRESS_NACK                   text49       001F2E
__end_of_I2C_DO_IDLE                           text63       002472
__end_of_I2C_DO_RCEN                           text58       002466
__end_of_I2C_DO_RESET                          text50       00245A
__end_of_I2C_DO_RX                             text59       0019DA
__end_of_I2C_DO_RX_ACK                         text53       0024CC
__end_of_I2C_DO_RX_NACK_RESTART                text51       0024BC
__end_of_I2C_DO_RX_NACK_STOP                   text52       0024C4
__end_of_I2C_DO_SEND_ADR_READ                  text62       002424
__end_of_I2C_DO_SEND_ADR_WRITE                 text61       00244E
__end_of_I2C_DO_SEND_RESTART                   text55       0024DC
__end_of_I2C_DO_SEND_RESTART_READ              text57       0024EC
__end_of_I2C_DO_SEND_RESTART_WRITE             text56       0024E4
__end_of_I2C_DO_SEND_STOP                      text54       0024D4
__end_of_I2C_DO_TX                             text60       001884
__end_of_I2C_DO_TX_EMPTY                       text64       001C8A
__end_of_I2C_Initialize                        text12       0023DE
__end_of_I2C_MasterClearIrq                    text44       00251A
__end_of_I2C_MasterClose                       text43       002516
__end_of_I2C_MasterDisableIrq                  text42       002512
__end_of_I2C_MasterEnableIrq                   text37       00250A
__end_of_I2C_MasterEnableRestart               text83       00253A
__end_of_I2C_MasterFsm                         text47       001E5A
__end_of_I2C_MasterGetRxData                   text69       002526
__end_of_I2C_MasterIsNack                      text66       0023F2
__end_of_I2C_MasterIsr                         text46       0024FA
__end_of_I2C_MasterOpen                        text36       002342
__end_of_I2C_MasterOperation                   text39       0020E4
__end_of_I2C_MasterSendAck                     text68       002500
__end_of_I2C_MasterSendNack                    text70       002506
__end_of_I2C_MasterSendTxData                  text67       0024F4
__end_of_I2C_MasterSetIrq                      text65       002522
__end_of_I2C_MasterStart                       text40       00250E
__end_of_I2C_MasterStartRx                     text71       00252A
__end_of_I2C_MasterStop                        text82       002536
__end_of_I2C_MasterWrite                       text38       0024B4
__end_of_I2C_Open                              text34       001A78
__end_of_I2C_Read1ByteRegister                 text29       001DEA
__end_of_I2C_SetAddressNackCallback            text32       002372
__end_of_I2C_SetBuffer                         text31       0022FC
__end_of_I2C_SetCallback                       text33       001D00
__end_of_I2C_SetDataCompleteCallback           text30       00235A
__end_of_I2C_SetInterruptHandler               text35       0024A4
__end_of_I2C_Write1ByteRegister                text27       001EC8
__end_of_INTERRUPT_Initialize                  text11       0024AC
__end_of_INTERRUPT_InterruptManagerHigh        intcode      0000B6
__end_of_OSCILLATOR_Initialize                 text10       00247C
__end_of_PIN_MANAGER_Initialize                text9        0021CC
__end_of_Print_RTC_Date_Time                   text18       0011D6
__end_of_Read_Temprature                       text17       002432
__end_of_SYSTEM_Initialize                     text8        0023A0
__end_of_Set_RTC_Date_Time                     text7        00204A
__end_of___awdiv                               text6        0017C0
__end_of___awmod                               text5        001934
__end_of__initialization                       cinit        001F86
__end_of_gpio_pin_direction_initialize         text4        00149A
__end_of_gpio_pin_initialize                   text3        001B02
__end_of_gpio_pin_write_logic                  text23       0015E4
__end_of_i2c_fsmStateTable                     smallconst   001021
__end_of_lcd_4bit_intialize                    text1        001338
__end_of_lcd_4bit_send_char_data               text20       001C0E
__end_of_lcd_4bit_send_command                 text2        001B88
__end_of_lcd_4bit_send_string                  text19       0020A4
__end_of_main                                  text0        0016FC
__end_of_rd1RegCompleteHandler                 text77       0022AC
__end_of_rd2RegCompleteHandler                 text76       002280
__end_of_rdBlkRegCompleteHandler               text74       002124
__end_of_send_4bit_data                        text22       001FEE
__end_of_send_4bit_enable_signal               text21       0021FC
__end_of_wr1RegCompleteHandler                 text75       002254
__end_of_wr2RegCompleteHandler                 text78       0022D8
__end_ofi2_I2C_MasterClearIrq                  text48       00251E
__end_ofi2_I2C_SetBuffer                       text81       002320
__end_ofi2_I2C_SetCallback                     text80       001D76
__end_ofi2_I2C_SetDataCompleteCallback         text79       00238A
__initialization                               cinit        001F2E
__mediumconst                                  mediumconst  000000
__pbssBANK0                                    bssBANK0     000060
__pbssCOMRAM                                   bssCOMRAM    000039
__pcinit                                       cinit        001F2E
__pcstackBANK0                                 cstackBANK0  0000A4
__pcstackCOMRAM                                cstackCOMRAM 000001
__pdataBANK0                                   dataBANK0    0000BD
__pdataCOMRAM                                  dataCOMRAM   000029
__pidataBANK0                                  idataBANK0   0023B6
__pidataCOMRAM                                 idataCOMRAM  002404
__pintcode                                     intcode      000008
__pnvBANK0                                     nvBANK0      0000D1
__psmallconst                                  smallconst   001000
__ptext0                                       text0        0015E4
__ptext1                                       text1        0011D6
__ptext10                                      text10       002472
__ptext11                                      text11       0024A4
__ptext12                                      text12       0023CA
__ptext13                                      text13       002124
__ptext14                                      text14       00247C
__ptext15                                      text15       002486
__ptext16                                      text16       002490
__ptext17                                      text17       002424
__ptext18                                      text18       00105E
__ptext19                                      text19       00204A
__ptext2                                       text2        001B02
__ptext20                                      text20       001B88
__ptext21                                      text21       0021CC
__ptext22                                      text22       001F90
__ptext23                                      text23       00149A
__ptext24                                      text24       002162
__ptext25                                      text25       0023A0
__ptext26                                      text26       0023F2
__ptext27                                      text27       001E5A
__ptext28                                      text28       002432
__ptext29                                      text29       001D76
__ptext3                                       text3        001A78
__ptext30                                      text30       002342
__ptext31                                      text31       0022D8
__ptext32                                      text32       00235A
__ptext33                                      text33       001C8A
__ptext34                                      text34       0019DA
__ptext35                                      text35       00249A
__ptext36                                      text36       002320
__ptext37                                      text37       002506
__ptext38                                      text38       0024AC
__ptext39                                      text39       0020A4
__ptext4                                       text4        001338
__ptext40                                      text40       00250A
__ptext41                                      text41       0021FC
__ptext42                                      text42       00250E
__ptext43                                      text43       002512
__ptext44                                      text44       002516
__ptext46                                      text46       0024F4
__ptext47                                      text47       001DEA
__ptext48                                      text48       00251A
__ptext49                                      text49       001EC8
__ptext5                                       text5        001884
__ptext50                                      text50       00244E
__ptext51                                      text51       0024B4
__ptext52                                      text52       0024BC
__ptext53                                      text53       0024C4
__ptext54                                      text54       0024CC
__ptext55                                      text55       0024D4
__ptext56                                      text56       0024DC
__ptext57                                      text57       0024E4
__ptext58                                      text58       00245A
__ptext59                                      text59       001934
__ptext6                                       text6        0016FC
__ptext60                                      text60       0017C0
__ptext61                                      text61       002440
__ptext62                                      text62       002414
__ptext63                                      text63       002466
__ptext64                                      text64       001C0E
__ptext65                                      text65       00251E
__ptext66                                      text66       0023DE
__ptext67                                      text67       0024EC
__ptext68                                      text68       0024FA
__ptext69                                      text69       002522
__ptext7                                       text7        001FEE
__ptext70                                      text70       002500
__ptext71                                      text71       002526
__ptext72                                      text72       00252A
__ptext73                                      text73       00252E
__ptext74                                      text74       0020E4
__ptext75                                      text75       002228
__ptext76                                      text76       002254
__ptext77                                      text77       002280
__ptext78                                      text78       0022AC
__ptext79                                      text79       002372
__ptext8                                       text8        00238A
__ptext80                                      text80       001D00
__ptext81                                      text81       0022FC
__ptext82                                      text82       002532
__ptext83                                      text83       002536
__ptext84                                      text84       000000
__ptext9                                       text9        00219C
__ramtop                                       ramtop       001000
__smallconst                                   smallconst   001000
_date_time                                     bssBANK0     000084
_eevalue                                       bssCOMRAM    000043
_eusartRxLastError                             bssCOMRAM    000045
_gpio_pin_direction_initialize                 text4        001338
_gpio_pin_initialize                           text3        001A78
_gpio_pin_write_logic                          text23       00149A
_i2c_fsmStateTable                             smallconst   001001
_lat_registers                                 dataBANK0    0000C7
_lcd_4bit_intialize                            text1        0011D6
_lcd_4bit_send_char_data                       text20       001B88
_lcd_4bit_send_command                         text2        001B02
_lcd_4bit_send_string                          text19       00204A
_lcd_obj                                       dataCOMRAM   000033
_main                                          text0        0015E4
_port_registers                                dataBANK0    0000BD
_rd1RegCompleteHandler                         text77       002280
_rd2RegCompleteHandler                         text76       002254
_rdBlkRegCompleteHandler                       text74       0020E4
_res                                           bssCOMRAM    00003F
_rtc                                           bssCOMRAM    000039
_rtc_obj                                       bssBANK0     00009E
_send_4bit_data                                text22       001F90
_send_4bit_enable_signal                       text21       0021CC
_temp_value                                    bssCOMRAM    000044
_tris_registers                                dataCOMRAM   000029
_wr1RegCompleteHandler                         text75       002228
_wr2RegCompleteHandler                         text78       0022AC
btemp                                          temp         000046
end_of_initialization                          cinit        001F86
gpio_pin_direction_initialize@_pin_config      cstackCOMRAM 00001A
gpio_pin_direction_initialize@ret              cstackCOMRAM 000022
gpio_pin_initialize@_pin_config                cstackCOMRAM 000024
gpio_pin_initialize@ret                        cstackCOMRAM 000027
gpio_pin_write_logic@_pin_config               cstackCOMRAM 00001A
gpio_pin_write_logic@logic                     cstackCOMRAM 00001C
gpio_pin_write_logic@ret                       cstackCOMRAM 000023
i2I2C_SetBuffer@buffer                         cstackCOMRAM 000001
i2I2C_SetBuffer@bufferSize                     cstackCOMRAM 000003
i2I2C_SetCallback@cb                           cstackCOMRAM 000001
i2I2C_SetCallback@idx                          cstackCOMRAM 000005
i2I2C_SetCallback@ptr                          cstackCOMRAM 000003
i2I2C_SetDataCompleteCallback@cb               cstackCOMRAM 000006
i2I2C_SetDataCompleteCallback@ptr              cstackCOMRAM 000008
i2_I2C_MasterClearIrq                          text48       00251A
i2_I2C_SetBuffer                               text81       0022FC
i2_I2C_SetCallback                             text80       001D00
i2_I2C_SetDataCompleteCallback                 text79       002372
int$flags                                      temp         000046
intlevel0                                      text         000000
intlevel1                                      text         000000
intlevel2                                      text         000000
intlevel3                                      text         000000
isa$std                                        (abs)        000001
isa$xinst                                      (abs)        000000
lcd_4bit_intialize@l_data_pins_counter         cstackBANK0  0000B1
lcd_4bit_intialize@lcd                         cstackBANK0  0000AD
lcd_4bit_intialize@ret                         cstackBANK0  0000B2
lcd_4bit_send_char_data@data                   cstackBANK0  0000AA
lcd_4bit_send_char_data@l_counter              cstackBANK0  0000AB
lcd_4bit_send_char_data@lcd                    cstackBANK0  0000A8
lcd_4bit_send_char_data@ret                    cstackBANK0  0000AC
lcd_4bit_send_command@command                  cstackBANK0  0000AA
lcd_4bit_send_command@l_counter                cstackBANK0  0000AB
lcd_4bit_send_command@lcd                      cstackBANK0  0000A8
lcd_4bit_send_command@ret                      cstackBANK0  0000AC
lcd_4bit_send_string@lcd                       cstackBANK0  0000AD
lcd_4bit_send_string@str                       cstackBANK0  0000AF
rd1RegCompleteHandler@ptr                      cstackCOMRAM 00000A
rd2RegCompleteHandler@ptr                      cstackCOMRAM 00000A
rdBlkRegCompleteHandler@ptr                    cstackCOMRAM 00000A
send_4bit_data@data                            cstackCOMRAM 000026
send_4bit_data@l_counter                       cstackCOMRAM 000028
send_4bit_data@lcd                             cstackCOMRAM 000024
send_4bit_data@ret                             cstackCOMRAM 000027
send_4bit_enable_signal@lcd                    cstackCOMRAM 000024
send_4bit_enable_signal@ret                    cstackCOMRAM 000026
stackhi                                        (abs)        000000
stacklo                                        (abs)        000000
start                                          init         0000B6
start_initialization                           cinit        001F2E
ttemp5                                         temp         000047
ttemp6                                         temp         00004A
ttemp7                                         temp         00004E
wr1RegCompleteHandler@ptr                      cstackCOMRAM 00000A
wr2RegCompleteHandler@ptr                      cstackCOMRAM 00000A
wtemp8                                         temp         000047


MODULE INFORMATION

Module		Function		Class		Link	Load	Size
C:\Program Files\Microchip\xc8\v2.41\pic\sources\c99\common\awmod.c
		___awmod       		CODE           	1884	0000	176

C:\Program Files\Microchip\xc8\v2.41\pic\sources\c99\common\awmod.c estimated size: 176

Modules/Temprature_Sensor/Temp_Sensor.c
		_Read_Temprature		CODE           	2424	0000	14

Modules/Temprature_Sensor/Temp_Sensor.c estimated size: 14

mcc_generated_files/interrupt_manager.c
		_INTERRUPT_Initialize		CODE           	24A4	0000	8
		_INTERRUPT_InterruptManagerHigh		CODE           	0008	0000	174

mcc_generated_files/interrupt_manager.c estimated size: 182

mcc_generated_files/examples/i2c_master_example.c
		_wr1RegCompleteHandler		CODE           	2228	0000	44
		_wr2RegCompleteHandler		CODE           	22AC	0000	44
		_I2C_Write1ByteRegister		CODE           	1E5A	0000	110
		_I2C_Read1ByteRegister		CODE           	1D76	0000	116
		_rdBlkRegCompleteHandler		CODE           	20E4	0000	64
		_rd1RegCompleteHandler		CODE           	2280	0000	44
		_rd2RegCompleteHandler		CODE           	2254	0000	44

mcc_generated_files/examples/i2c_master_example.c estimated size: 466

mcc_generated_files/pin_manager.c
		_PIN_MANAGER_Initialize		CODE           	219C	0000	48

mcc_generated_files/pin_manager.c estimated size: 48

C:\Program Files\Microchip\xc8\v2.41\pic\sources\c99\common\awdiv.c
		___awdiv       		CODE           	16FC	0000	196

C:\Program Files\Microchip\xc8\v2.41\pic\sources\c99\common\awdiv.c estimated size: 196

MCAL/hal_gpio.c
		_gpio_pin_write_logic		CODE           	149A	0000	330
		_gpio_pin_direction_initialize		CODE           	1338	0000	354
		_gpio_pin_initialize		CODE           	1A78	0000	138

MCAL/hal_gpio.c estimated size: 822

Modules/EEPROM/EEPROM.c
		_EEPROM_Read_1Byte		CODE           	2432	0000	14
		_EEPROM_Write_1Byte		CODE           	23F2	0000	18

Modules/EEPROM/EEPROM.c estimated size: 32

Modules/RTC/RTC.c
		_Print_RTC_Date_Time		CODE           	105E	0000	376
		_Set_RTC_Date_Time		CODE           	1FEE	0000	92

Modules/RTC/RTC.c estimated size: 468

shared
		i2_I2C_SetBuffer		CODE           	22FC	0000	36
		__initialization		CODE           	1F2E	0000	88
		i2_I2C_SetCallback		CODE           	1D00	0000	118
		i2_I2C_SetDataCompleteCallback		CODE           	2372	0000	24
		i2_I2C_MasterClearIrq		CODE           	251A	0000	4
		_i2c_fsmStateTable		SMALLCONST     	1001	0000	32

shared estimated size: 302

mcc_generated_files/mcc.c
		_OSCILLATOR_Initialize		CODE           	2472	0000	10
		_SYSTEM_Initialize		CODE           	238A	0000	22

mcc_generated_files/mcc.c estimated size: 32

Modules/UART_Logging_Print/UART_Log.c
		_EUART_Send_String		CODE           	2162	0000	58

Modules/UART_Logging_Print/UART_Log.c estimated size: 58

Modules/chr_LCD/ecu_chr_lcd.c
		_send_4bit_enable_signal		CODE           	21CC	0000	48
		_lcd_4bit_send_command		CODE           	1B02	0000	134
		_lcd_4bit_send_char_data		CODE           	1B88	0000	134
		_lcd_4bit_intialize		CODE           	11D6	0000	354
		_send_4bit_data		CODE           	1F90	0000	94
		_lcd_4bit_send_string		CODE           	204A	0000	90

Modules/chr_LCD/ecu_chr_lcd.c estimated size: 854

mcc_generated_files/i2c_master.c
		_I2C_Close     		CODE           	21FC	0000	44
		_I2C_MasterStartRx		CODE           	2526	0000	4
		_I2C_DO_SEND_ADR_WRITE		CODE           	2440	0000	14
		_I2C_DO_SEND_STOP		CODE           	24CC	0000	8
		_I2C_MasterSendNack		CODE           	2500	0000	6
		_I2C_MasterDisableIrq		CODE           	250E	0000	4
		_I2C_CallbackReturnStop		CODE           	252E	0000	4
		_I2C_MasterOperation		CODE           	20A4	0000	64
		_I2C_DO_SEND_ADR_READ		CODE           	2414	0000	16
		_I2C_DO_RX_NACK_STOP		CODE           	24BC	0000	8
		_I2C_DO_SEND_RESTART		CODE           	24D4	0000	8
		_I2C_DO_RX     		CODE           	1934	0000	166
		_I2C_DO_TX     		CODE           	17C0	0000	196
		_I2C_DO_IDLE   		CODE           	2466	0000	12
		_I2C_DO_RCEN   		CODE           	245A	0000	12
		_I2C_DO_RESET  		CODE           	244E	0000	12
		_I2C_MasterClose		CODE           	2512	0000	4
		_I2C_MasterWrite		CODE           	24AC	0000	8
		_I2C_DO_RX_ACK 		CODE           	24C4	0000	8
		_I2C_MasterStart		CODE           	250A	0000	4
		_I2C_MasterClearIrq		CODE           	2516	0000	4
		_I2C_MasterGetRxData		CODE           	2522	0000	4
		_I2C_SetCallback		CODE           	1C8A	0000	118
		_I2C_DO_ADDRESS_NACK		CODE           	1EC8	0000	102
		_I2C_MasterEnableRestart		CODE           	2536	0000	4
		_I2C_CallbackReturnReset		CODE           	252A	0000	4
		_I2C_Open      		CODE           	19DA	0000	158
		_I2C_SetAddressNackCallback		CODE           	235A	0000	24
		_I2C_DO_TX_EMPTY		CODE           	1C0E	0000	124
		_I2C_DO_SEND_RESTART_WRITE		CODE           	24DC	0000	8
		_I2C_MasterIsNack		CODE           	23DE	0000	20
		_I2C_SetDataCompleteCallback		CODE           	2342	0000	24
		_I2C_DO_RX_NACK_RESTART		CODE           	24B4	0000	8
		_I2C_MasterSendAck		CODE           	24FA	0000	6
		_I2C_MasterFsm 		CODE           	1DEA	0000	112
		_I2C_MasterIsr 		CODE           	24F4	0000	6
		_I2C_MasterSetIrq		CODE           	251E	0000	4
		_I2C_DO_SEND_RESTART_READ		CODE           	24E4	0000	8
		_I2C_MasterEnableIrq		CODE           	2506	0000	4
		_I2C_Initialize		CODE           	23CA	0000	20
		_I2C_SetBuffer 		CODE           	22D8	0000	36
		_I2C_SetInterruptHandler		CODE           	249A	0000	10
		_I2C_MasterOpen		CODE           	2320	0000	34
		_I2C_MasterSendTxData		CODE           	24EC	0000	8
		_I2C_MasterStop		CODE           	2532	0000	4

mcc_generated_files/i2c_master.c estimated size: 1456

mcc_generated_files/eusart.c
		_EUSART_Write  		CODE           	23A0	0000	22
		_EUSART_Initialize		CODE           	2124	0000	62
		_EUSART_SetFramingErrorHandler		CODE           	2486	0000	10
		_EUSART_SetErrorHandler		CODE           	2490	0000	10
		_EUSART_SetOverrunErrorHandler		CODE           	247C	0000	10

mcc_generated_files/eusart.c estimated size: 114

main.c
		_main          		CODE           	15E4	0000	280

main.c estimated size: 280

